]0;~/Box Sync/Ulaval/Parascolaire/Programmation/R/tvarPackage[?1034h$ [K$ git status
On branch master
Your branch is up-to-date with 'origin/master'.

Changes not staged for commit:
  (use "git add/rm <file>..." to update what will be committed)
  (use "git checkout -- <file>..." to discard changes in working directory)

	[31mmodified:   .Rhistory[m
	[31mmodified:   .Rproj.user/EC950CE1/pcs/windowlayoutstate.pper[m
	[31mmodified:   .Rproj.user/EC950CE1/rmd-outputs[m
	[31mdeleted:    .Rproj.user/EC950CE1/sdb/s-DA709164/9539B3F1[m
	[31mdeleted:    .Rproj.user/EC950CE1/sdb/s-DA709164/ECBC3220[m
	[31mdeleted:    .Rproj.user/EC950CE1/sdb/s-DA709164/ED4AE73D[m
	[31mdeleted:    .Rproj.user/EC950CE1/sdb/s-DA709164/F2C215A0[m
	[31mdeleted:    .Rproj.user/EC950CE1/sdb/s-DA709164/lock_file[m
	[31mmodified:   README.md[m

Untracked files:
  (use "git add <file>..." to include in what will be committed)

	[31m.Rproj.user/EC950CE1/console06/[m
	[31m.Rproj.user/EC950CE1/sdb/per/[m
	[31m.Rproj.user/EC950CE1/sources/[m
	[31m.Rproj.user/shared/[m

no changes added to commit (use "git add" and/or "git commit -a")
]0;~/Box Sync/Ulaval/Parascolaire/Programmation/R/tvarPackage$ git[K[K[Kls
DESCRIPTION		R			tvarPackage.Rproj
LICENSE			README.md
NAMESPACE		man
]0;~/Box Sync/Ulaval/Parascolaire/Programmation/R/tvarPackage$ ls -a
.			.git			README.md
..			DESCRIPTION		man
.Rbuildignore		LICENSE			tvarPackage.Rproj
.Rhistory		NAMESPACE
.Rproj.user		R
]0;~/Box Sync/Ulaval/Parascolaire/Programmation/R/tvarPackage$ git add -a[KA
]0;~/Box Sync/Ulaval/Parascolaire/Programmation/R/tvarPackage$ git commit "Mi[K[KAdding new form[K[K[Kunctions to package"
error: pathspec 'Adding new functions to package' did not match any file(s) known to git.
]0;~/Box Sync/Ulaval/Parascolaire/Programmation/R/tvarPackage$ git push
Everything up-to-date
]0;~/Box Sync/Ulaval/Parascolaire/Programmation/R/tvarPackage$ git status
On branch master
Your branch is up-to-date with 'origin/master'.

Changes to be committed:
  (use "git reset HEAD <file>..." to unstage)

	[32mmodified:   .Rhistory[m
	[32mnew file:   .Rproj.user/EC950CE1/console06/4F4AB03C[m
	[32mnew file:   .Rproj.user/EC950CE1/console06/4F4AB03C.env[m
	[32mnew file:   .Rproj.user/EC950CE1/console06/INDEX001[m
	[32mmodified:   .Rproj.user/EC950CE1/pcs/windowlayoutstate.pper[m
	[32mmodified:   .Rproj.user/EC950CE1/rmd-outputs[m
	[32mrenamed:    .Rproj.user/EC950CE1/sdb/s-DA709164/9539B3F1 -> .Rproj.user/EC950CE1/sdb/per/t/9539B3F1[m
	[32mnew file:   .Rproj.user/EC950CE1/sdb/per/t/ECBC3220[m
	[32mrenamed:    .Rproj.user/EC950CE1/sdb/s-DA709164/F2C215A0 -> .Rproj.user/EC950CE1/sdb/per/t/F2C215A0[m
	[32mrenamed:    .Rproj.user/EC950CE1/sdb/s-DA709164/ED4AE73D -> .Rproj.user/EC950CE1/sdb/per/u/ED4AE73D[m
	[32mnew file:   .Rproj.user/EC950CE1/sources/prop/1B2D34D0[m
	[32mnew file:   .Rproj.user/EC950CE1/sources/prop/7E0E3B8E[m
	[32mnew file:   .Rproj.user/EC950CE1/sources/prop/A7009ADF[m
	[32mnew file:   .Rproj.user/EC950CE1/sources/prop/INDEX[m
	[32mnew file:   .Rproj.user/EC950CE1/sources/s-903DA209/9539B3F1[m
	[32mnew file:   .Rproj.user/EC950CE1/sources/s-903DA209/9539B3F1-contents[m
	[32mrenamed:    .Rproj.user/EC950CE1/sdb/s-DA709164/ECBC3220 -> .Rproj.user/EC950CE1/sources/s-903DA209/ECBC3220[m
	[32mnew file:   .Rproj.user/EC950CE1/sources/s-903DA209/ECBC3220-contents[m
	[32mnew file:   .Rproj.user/EC950CE1/sources/s-903DA209/ED4AE73D[m
	[32mnew file:   .Rproj.user/EC950CE1/sources/s-903DA209/F2C215A0[m
	[32mnew file:   .Rproj.user/EC950CE1/sources/s-903DA209/F2C215A0-contents[m
	[32mrenamed:    .Rproj.user/EC950CE1/sdb/s-DA709164/lock_file -> .Rproj.user/EC950CE1/sources/s-903DA209/lock_file[m
	[32mnew file:   .Rproj.user/shared/notebooks/patch-chunk-names[m
	[32mmodified:   README.md[m

Changes not staged for commit:
  (use "git add <file>..." to update what will be committed)
  (use "git checkout -- <file>..." to discard changes in working directory)

	[31mmodified:   .Rproj.user/EC950CE1/console06/4F4AB03C[m

]0;~/Box Sync/Ulaval/Parascolaire/Programmation/R/tvarPackage$ git add .R
.Rbuildignore  .Rhistory      .Rproj.user/   
$ git add .R[K[K[K[K[K[K[K[K[K[Kgit add -A
]0;~/Box Sync/Ulaval/Parascolaire/Programmation/R/tvarPackage$ git commit -m "Modifications"
[master c0fc62b] Modifications
 25 files changed, 585 insertions(+), 6 deletions(-)
 create mode 100644 .Rproj.user/EC950CE1/console06/4F4AB03C
 create mode 100644 .Rproj.user/EC950CE1/console06/4F4AB03C.env
 create mode 100644 .Rproj.user/EC950CE1/console06/INDEX001
 rename .Rproj.user/EC950CE1/sdb/{s-DA709164 => per/t}/9539B3F1 (100%)
 create mode 100644 .Rproj.user/EC950CE1/sdb/per/t/ECBC3220
 rename .Rproj.user/EC950CE1/sdb/{s-DA709164 => per/t}/F2C215A0 (100%)
 rename .Rproj.user/EC950CE1/sdb/{s-DA709164 => per/u}/ED4AE73D (100%)
 create mode 100644 .Rproj.user/EC950CE1/sources/prop/1B2D34D0
 create mode 100644 .Rproj.user/EC950CE1/sources/prop/7E0E3B8E
 create mode 100644 .Rproj.user/EC950CE1/sources/prop/A7009ADF
 create mode 100644 .Rproj.user/EC950CE1/sources/prop/INDEX
 create mode 100644 .Rproj.user/EC950CE1/sources/s-903DA209/743C4A57
 create mode 100644 .Rproj.user/EC950CE1/sources/s-903DA209/743C4A57-contents
 create mode 100644 .Rproj.user/EC950CE1/sources/s-903DA209/9539B3F1
 create mode 100644 .Rproj.user/EC950CE1/sources/s-903DA209/9539B3F1-contents
 rename .Rproj.user/EC950CE1/{sdb/s-DA709164 => sources/s-903DA209}/ECBC3220 (60%)
 create mode 100644 .Rproj.user/EC950CE1/sources/s-903DA209/ECBC3220-contents
 create mode 100644 .Rproj.user/EC950CE1/sources/s-903DA209/F2C215A0
 create mode 100644 .Rproj.user/EC950CE1/sources/s-903DA209/F2C215A0-contents
 rename .Rproj.user/EC950CE1/{sdb/s-DA709164 => sources/s-903DA209}/lock_file (100%)
 create mode 100644 .Rproj.user/shared/notebooks/patch-chunk-names
]0;~/Box Sync/Ulaval/Parascolaire/Programmation/R/tvarPackage$ git push
Counting objects: 28, done.
Delta compression using up to 4 threads.
Compressing objects:   4% (1/24)   Compressing objects:   8% (2/24)   Compressing objects:  12% (3/24)   Compressing objects:  16% (4/24)   Compressing objects:  20% (5/24)   Compressing objects:  25% (6/24)   Compressing objects:  29% (7/24)   Compressing objects:  33% (8/24)   Compressing objects:  37% (9/24)   Compressing objects:  41% (10/24)   Compressing objects:  45% (11/24)   Compressing objects:  50% (12/24)   Compressing objects:  54% (13/24)   Compressing objects:  58% (14/24)   Compressing objects:  62% (15/24)   Compressing objects:  66% (16/24)   Compressing objects:  70% (17/24)   Compressing objects:  75% (18/24)   Compressing objects:  79% (19/24)   Compressing objects:  83% (20/24)   Compressing objects:  87% (21/24)   Compressing objects:  91% (22/24)   Compressing objects:  95% (23/24)   Compressing objects: 100% (24/24)   Compressing objects: 100% (24/24), done.
Writing objects:   3% (1/28)   Writing objects:   7% (2/28)   Writing objects:  10% (3/28)   Writing objects:  14% (4/28)   Writing objects:  17% (5/28)   Writing objects:  21% (6/28)   Writing objects:  25% (7/28)   Writing objects:  28% (8/28)   Writing objects:  32% (9/28)   Writing objects:  35% (10/28)   Writing objects:  39% (11/28)   Writing objects:  42% (12/28)   Writing objects:  46% (13/28)   Writing objects:  50% (14/28)   Writing objects:  53% (15/28)   Writing objects:  57% (16/28)   Writing objects:  60% (17/28)   Writing objects:  64% (18/28)   Writing objects:  67% (19/28)   Writing objects:  71% (20/28)   Writing objects:  75% (21/28)   Writing objects:  78% (22/28)   Writing objects:  82% (23/28)   Writing objects:  85% (24/28)   Writing objects:  89% (25/28)   Writing objects:  92% (26/28)   Writing objects:  96% (27/28)   Writing objects: 100% (28/28)   Writing objects: 100% (28/28), 8.39 KiB | 373.00 KiB/s, done.
Total 28 (delta 5), reused 0 (delta 0)
remote: Resolving deltas:   0% (0/5)   [Kremote: Resolving deltas:  20% (1/5)   [Kremote: Resolving deltas:  40% (2/5)   [Kremote: Resolving deltas:  60% (3/5)   [Kremote: Resolving deltas:  80% (4/5)   [Kremote: Resolving deltas: 100% (5/5)   [Kremote: Resolving deltas: 100% (5/5), completed with 5 local objects.[K
To https://github.com/gabrielcrepeault/tvarPackage.git
   1e8f989..c0fc62b  master -> master
]0;~/Box Sync/Ulaval/Parascolaire/Programmation/R/tvarPackage$ git add -A
]0;~/Box Sync/Ulaval/Parascolaire/Programmation/R/tvarPackage$ git commit -m "Modifications"
[master 093dadc] Modifications
 10 files changed, 85 insertions(+), 9 deletions(-)
 create mode 100644 .Rproj.user/EC950CE1/sources/prop/10F9A76E
 create mode 100644 .Rproj.user/EC950CE1/sources/prop/15F669B4
 create mode 100644 .Rproj.user/EC950CE1/sources/s-903DA209/A0B445B3
 create mode 100644 .Rproj.user/EC950CE1/sources/s-903DA209/A0B445B3-contents
 create mode 100644 .Rproj.user/shared/notebooks/paths
 create mode 100644 .gitignore
]0;~/Box Sync/Ulaval/Parascolaire/Programmation/R/tvarPackage$ git push
Counting objects: 19, done.
Delta compression using up to 4 threads.
Compressing objects:   5% (1/17)   Compressing objects:  11% (2/17)   Compressing objects:  17% (3/17)   Compressing objects:  23% (4/17)   Compressing objects:  29% (5/17)   Compressing objects:  35% (6/17)   Compressing objects:  41% (7/17)   Compressing objects:  47% (8/17)   Compressing objects:  52% (9/17)   Compressing objects:  58% (10/17)   Compressing objects:  64% (11/17)   Compressing objects:  70% (12/17)   Compressing objects:  76% (13/17)   Compressing objects:  82% (14/17)   Compressing objects:  88% (15/17)   Compressing objects:  94% (16/17)   Compressing objects: 100% (17/17)   Compressing objects: 100% (17/17), done.
Writing objects:   5% (1/19)   Writing objects:  10% (2/19)   Writing objects:  15% (3/19)   Writing objects:  21% (4/19)   Writing objects:  26% (5/19)   Writing objects:  31% (6/19)   Writing objects:  36% (7/19)   Writing objects:  42% (8/19)   Writing objects:  47% (9/19)   Writing objects:  52% (10/19)   Writing objects:  57% (11/19)   Writing objects:  63% (12/19)   Writing objects:  68% (13/19)   Writing objects:  73% (14/19)   Writing objects:  78% (15/19)   Writing objects:  84% (16/19)   Writing objects:  89% (17/19)   Writing objects:  94% (18/19)   Writing objects: 100% (19/19)   Writing objects: 100% (19/19), 2.89 KiB | 328.00 KiB/s, done.
Total 19 (delta 7), reused 0 (delta 0)
remote: Resolving deltas:   0% (0/7)   [Kremote: Resolving deltas:  14% (1/7)   [Kremote: Resolving deltas:  28% (2/7)   [Kremote: Resolving deltas:  42% (3/7)   [Kremote: Resolving deltas:  57% (4/7)   [Kremote: Resolving deltas:  71% (5/7)   [Kremote: Resolving deltas: 100% (7/7)   [Kremote: Resolving deltas: 100% (7/7), completed with 6 local objects.[K
To https://github.com/gabrielcrepeault/tvarPackage.git
   c0fc62b..093dadc  master -> master
]0;~/Box Sync/Ulaval/Parascolaire/Programmation/R/tvarPackage$ [K$ [K$ [K$ [K$ ]0;~/Box Sync/Ulaval/Parascolaire/Programmation/R/tvarPackage[?1034h$ git add -A
]0;~/Box Sync/Ulaval/Parascolaire/Programmation/R/tvarPackage$ git commit -m "Modifications"
[master 9873882] Modifications
 19 files changed, 70 insertions(+), 64 deletions(-)
 rewrite .Rproj.user/EC950CE1/console06/INDEX001 (100%)
 rename .Rproj.user/EC950CE1/sources/{s-903DA209 => s-461158EB}/743C4A57 (91%)
 rename .Rproj.user/EC950CE1/sources/{s-903DA209 => s-461158EB}/743C4A57-contents (100%)
 rename .Rproj.user/EC950CE1/sources/{s-903DA209 => s-461158EB}/9539B3F1 (95%)
 rename .Rproj.user/EC950CE1/sources/{s-903DA209 => s-461158EB}/9539B3F1-contents (100%)
 rename .Rproj.user/EC950CE1/sources/{s-903DA209/A0B445B3 => s-461158EB/ECBC3220} (50%)
 rename .Rproj.user/EC950CE1/sources/{s-903DA209 => s-461158EB}/ECBC3220-contents (100%)
 create mode 100644 .Rproj.user/EC950CE1/sources/s-461158EB/F2C215A0
 rename .Rproj.user/EC950CE1/sources/{s-903DA209 => s-461158EB}/F2C215A0-contents (100%)
 rename .Rproj.user/EC950CE1/sources/{s-903DA209 => s-461158EB}/lock_file (100%)
 delete mode 100644 .Rproj.user/EC950CE1/sources/s-903DA209/A0B445B3-contents
 delete mode 100644 .Rproj.user/EC950CE1/sources/s-903DA209/ECBC3220
 delete mode 100644 .Rproj.user/EC950CE1/sources/s-903DA209/F2C215A0
]0;~/Box Sync/Ulaval/Parascolaire/Programmation/R/tvarPackage$ git push
Counting objects: 20, done.
Delta compression using up to 4 threads.
Compressing objects:   5% (1/19)   Compressing objects:  10% (2/19)   Compressing objects:  15% (3/19)   Compressing objects:  21% (4/19)   Compressing objects:  26% (5/19)   Compressing objects:  31% (6/19)   Compressing objects:  36% (7/19)   Compressing objects:  42% (8/19)   Compressing objects:  47% (9/19)   Compressing objects:  52% (10/19)   Compressing objects:  57% (11/19)   Compressing objects:  63% (12/19)   Compressing objects:  68% (13/19)   Compressing objects:  73% (14/19)   Compressing objects:  78% (15/19)   Compressing objects:  84% (16/19)   Compressing objects:  89% (17/19)   Compressing objects:  94% (18/19)   Compressing objects: 100% (19/19)   Compressing objects: 100% (19/19), done.
Writing objects:   5% (1/20)   Writing objects:  10% (2/20)   Writing objects:  15% (3/20)   Writing objects:  20% (4/20)   Writing objects:  25% (5/20)   Writing objects:  30% (6/20)   Writing objects:  35% (7/20)   Writing objects:  40% (8/20)   Writing objects:  45% (9/20)   Writing objects:  50% (10/20)   Writing objects:  55% (11/20)   Writing objects:  60% (12/20)   Writing objects:  65% (13/20)   Writing objects:  70% (14/20)   Writing objects:  75% (15/20)   Writing objects:  80% (16/20)   Writing objects:  85% (17/20)   Writing objects:  90% (18/20)   Writing objects: 100% (20/20)   Writing objects: 100% (20/20), 2.86 KiB | 75.00 KiB/s, done.
Total 20 (delta 9), reused 0 (delta 0)
remote: Resolving deltas:   0% (0/9)   [Kremote: Resolving deltas:  33% (3/9)   [Kremote: Resolving deltas:  44% (4/9)   [Kremote: Resolving deltas:  55% (5/9)   [Kremote: Resolving deltas:  66% (6/9)   [Kremote: Resolving deltas:  77% (7/9)   [Kremote: Resolving deltas:  88% (8/9)   [Kremote: Resolving deltas: 100% (9/9)   [Kremote: Resolving deltas: 100% (9/9), completed with 6 local objects.[K
To https://github.com/gabrielcrepeault/tvarPackage.git
   093dadc..9873882  master -> master
]0;~/Box Sync/Ulaval/Parascolaire/Programmation/R/tvarPackage$ git pull
Already up-to-date.
]0;~/Box Sync/Ulaval/Parascolaire/Programmation/R/tvarPackage$ git add -A
]0;~/Box Sync/Ulaval/Parascolaire/Programmation/R/tvarPackage$ git commit -m "Modifications"
[master 705b372] Modifications
 6 files changed, 36 insertions(+), 7 deletions(-)
 rewrite .Rproj.user/EC950CE1/console06/INDEX001 (74%)
]0;~/Box Sync/Ulaval/Parascolaire/Programmation/R/tvarPackage$ git push
Counting objects: 13, done.
Delta compression using up to 4 threads.
Compressing objects:   7% (1/13)   Compressing objects:  15% (2/13)   Compressing objects:  23% (3/13)   Compressing objects:  30% (4/13)   Compressing objects:  38% (5/13)   Compressing objects:  46% (6/13)   Compressing objects:  53% (7/13)   Compressing objects:  61% (8/13)   Compressing objects:  69% (9/13)   Compressing objects:  76% (10/13)   Compressing objects:  84% (11/13)   Compressing objects:  92% (12/13)   Compressing objects: 100% (13/13)   Compressing objects: 100% (13/13), done.
Writing objects:   7% (1/13)   Writing objects:  15% (2/13)   Writing objects:  23% (3/13)   Writing objects:  30% (4/13)   Writing objects:  38% (5/13)   Writing objects:  46% (6/13)   Writing objects:  53% (7/13)   Writing objects:  61% (8/13)   Writing objects:  69% (9/13)   Writing objects:  76% (10/13)   Writing objects:  84% (11/13)   Writing objects:  92% (12/13)   Writing objects: 100% (13/13)   Writing objects: 100% (13/13), 1.65 KiB | 1.65 MiB/s, done.
Total 13 (delta 8), reused 0 (delta 0)
remote: Resolving deltas:   0% (0/8)   [Kremote: Resolving deltas:  12% (1/8)   [Kremote: Resolving deltas:  25% (2/8)   [Kremote: Resolving deltas:  37% (3/8)   [Kremote: Resolving deltas:  50% (4/8)   [Kremote: Resolving deltas:  62% (5/8)   [Kremote: Resolving deltas:  75% (6/8)   [Kremote: Resolving deltas:  87% (7/8)   [Kremote: Resolving deltas: 100% (8/8)   [Kremote: Resolving deltas: 100% (8/8), completed with 8 local objects.[K
To https://github.com/gabrielcrepeault/tvarPackage.git
   9873882..705b372  master -> master
]0;~/Box Sync/Ulaval/Parascolaire/Programmation/R/tvarPackage[?1034h$ git pull
