]0;~/Box Sync/Ulaval/Parascolaire/Programmation/R/tvarPackage[?1034h$ [K$ git status
On branch master
Your branch is up-to-date with 'origin/master'.

Changes not staged for commit:
  (use "git add/rm <file>..." to update what will be committed)
  (use "git checkout -- <file>..." to discard changes in working directory)

	[31mmodified:   .Rhistory[m
	[31mmodified:   .Rproj.user/EC950CE1/pcs/windowlayoutstate.pper[m
	[31mmodified:   .Rproj.user/EC950CE1/rmd-outputs[m
	[31mdeleted:    .Rproj.user/EC950CE1/sdb/s-DA709164/9539B3F1[m
	[31mdeleted:    .Rproj.user/EC950CE1/sdb/s-DA709164/ECBC3220[m
	[31mdeleted:    .Rproj.user/EC950CE1/sdb/s-DA709164/ED4AE73D[m
	[31mdeleted:    .Rproj.user/EC950CE1/sdb/s-DA709164/F2C215A0[m
	[31mdeleted:    .Rproj.user/EC950CE1/sdb/s-DA709164/lock_file[m
	[31mmodified:   README.md[m

Untracked files:
  (use "git add <file>..." to include in what will be committed)

	[31m.Rproj.user/EC950CE1/console06/[m
	[31m.Rproj.user/EC950CE1/sdb/per/[m
	[31m.Rproj.user/EC950CE1/sources/[m
	[31m.Rproj.user/shared/[m

no changes added to commit (use "git add" and/or "git commit -a")
]0;~/Box Sync/Ulaval/Parascolaire/Programmation/R/tvarPackage$ git[K[K[Kls
DESCRIPTION		R			tvarPackage.Rproj
LICENSE			README.md
NAMESPACE		man
]0;~/Box Sync/Ulaval/Parascolaire/Programmation/R/tvarPackage$ ls -a
.			.git			README.md
..			DESCRIPTION		man
.Rbuildignore		LICENSE			tvarPackage.Rproj
.Rhistory		NAMESPACE
.Rproj.user		R
]0;~/Box Sync/Ulaval/Parascolaire/Programmation/R/tvarPackage$ git add -a[KA
]0;~/Box Sync/Ulaval/Parascolaire/Programmation/R/tvarPackage$ git commit "Mi[K[KAdding new form[K[K[Kunctions to package"
error: pathspec 'Adding new functions to package' did not match any file(s) known to git.
]0;~/Box Sync/Ulaval/Parascolaire/Programmation/R/tvarPackage$ git push
Everything up-to-date
]0;~/Box Sync/Ulaval/Parascolaire/Programmation/R/tvarPackage$ git status
On branch master
Your branch is up-to-date with 'origin/master'.

Changes to be committed:
  (use "git reset HEAD <file>..." to unstage)

	[32mmodified:   .Rhistory[m
	[32mnew file:   .Rproj.user/EC950CE1/console06/4F4AB03C[m
	[32mnew file:   .Rproj.user/EC950CE1/console06/4F4AB03C.env[m
	[32mnew file:   .Rproj.user/EC950CE1/console06/INDEX001[m
	[32mmodified:   .Rproj.user/EC950CE1/pcs/windowlayoutstate.pper[m
	[32mmodified:   .Rproj.user/EC950CE1/rmd-outputs[m
	[32mrenamed:    .Rproj.user/EC950CE1/sdb/s-DA709164/9539B3F1 -> .Rproj.user/EC950CE1/sdb/per/t/9539B3F1[m
	[32mnew file:   .Rproj.user/EC950CE1/sdb/per/t/ECBC3220[m
	[32mrenamed:    .Rproj.user/EC950CE1/sdb/s-DA709164/F2C215A0 -> .Rproj.user/EC950CE1/sdb/per/t/F2C215A0[m
	[32mrenamed:    .Rproj.user/EC950CE1/sdb/s-DA709164/ED4AE73D -> .Rproj.user/EC950CE1/sdb/per/u/ED4AE73D[m
	[32mnew file:   .Rproj.user/EC950CE1/sources/prop/1B2D34D0[m
	[32mnew file:   .Rproj.user/EC950CE1/sources/prop/7E0E3B8E[m
	[32mnew file:   .Rproj.user/EC950CE1/sources/prop/A7009ADF[m
	[32mnew file:   .Rproj.user/EC950CE1/sources/prop/INDEX[m
	[32mnew file:   .Rproj.user/EC950CE1/sources/s-903DA209/9539B3F1[m
	[32mnew file:   .Rproj.user/EC950CE1/sources/s-903DA209/9539B3F1-contents[m
	[32mrenamed:    .Rproj.user/EC950CE1/sdb/s-DA709164/ECBC3220 -> .Rproj.user/EC950CE1/sources/s-903DA209/ECBC3220[m
	[32mnew file:   .Rproj.user/EC950CE1/sources/s-903DA209/ECBC3220-contents[m
	[32mnew file:   .Rproj.user/EC950CE1/sources/s-903DA209/ED4AE73D[m
	[32mnew file:   .Rproj.user/EC950CE1/sources/s-903DA209/F2C215A0[m
	[32mnew file:   .Rproj.user/EC950CE1/sources/s-903DA209/F2C215A0-contents[m
	[32mrenamed:    .Rproj.user/EC950CE1/sdb/s-DA709164/lock_file -> .Rproj.user/EC950CE1/sources/s-903DA209/lock_file[m
	[32mnew file:   .Rproj.user/shared/notebooks/patch-chunk-names[m
	[32mmodified:   README.md[m

Changes not staged for commit:
  (use "git add <file>..." to update what will be committed)
  (use "git checkout -- <file>..." to discard changes in working directory)

	[31mmodified:   .Rproj.user/EC950CE1/console06/4F4AB03C[m

]0;~/Box Sync/Ulaval/Parascolaire/Programmation/R/tvarPackage$ git add .R
.Rbuildignore  .Rhistory      .Rproj.user/   
$ git add .R[K[K[K[K[K[K[K[K[K[Kgit add -A
]0;~/Box Sync/Ulaval/Parascolaire/Programmation/R/tvarPackage$ git commit -m "Modifications"
[master c0fc62b] Modifications
 25 files changed, 585 insertions(+), 6 deletions(-)
 create mode 100644 .Rproj.user/EC950CE1/console06/4F4AB03C
 create mode 100644 .Rproj.user/EC950CE1/console06/4F4AB03C.env
 create mode 100644 .Rproj.user/EC950CE1/console06/INDEX001
 rename .Rproj.user/EC950CE1/sdb/{s-DA709164 => per/t}/9539B3F1 (100%)
 create mode 100644 .Rproj.user/EC950CE1/sdb/per/t/ECBC3220
 rename .Rproj.user/EC950CE1/sdb/{s-DA709164 => per/t}/F2C215A0 (100%)
 rename .Rproj.user/EC950CE1/sdb/{s-DA709164 => per/u}/ED4AE73D (100%)
 create mode 100644 .Rproj.user/EC950CE1/sources/prop/1B2D34D0
 create mode 100644 .Rproj.user/EC950CE1/sources/prop/7E0E3B8E
 create mode 100644 .Rproj.user/EC950CE1/sources/prop/A7009ADF
 create mode 100644 .Rproj.user/EC950CE1/sources/prop/INDEX
 create mode 100644 .Rproj.user/EC950CE1/sources/s-903DA209/743C4A57
 create mode 100644 .Rproj.user/EC950CE1/sources/s-903DA209/743C4A57-contents
 create mode 100644 .Rproj.user/EC950CE1/sources/s-903DA209/9539B3F1
 create mode 100644 .Rproj.user/EC950CE1/sources/s-903DA209/9539B3F1-contents
 rename .Rproj.user/EC950CE1/{sdb/s-DA709164 => sources/s-903DA209}/ECBC3220 (60%)
 create mode 100644 .Rproj.user/EC950CE1/sources/s-903DA209/ECBC3220-contents
 create mode 100644 .Rproj.user/EC950CE1/sources/s-903DA209/F2C215A0
 create mode 100644 .Rproj.user/EC950CE1/sources/s-903DA209/F2C215A0-contents
 rename .Rproj.user/EC950CE1/{sdb/s-DA709164 => sources/s-903DA209}/lock_file (100%)
 create mode 100644 .Rproj.user/shared/notebooks/patch-chunk-names
]0;~/Box Sync/Ulaval/Parascolaire/Programmation/R/tvarPackage$ git push
Counting objects: 28, done.
Delta compression using up to 4 threads.
Compressing objects:   4% (1/24)   Compressing objects:   8% (2/24)   Compressing objects:  12% (3/24)   Compressing objects:  16% (4/24)   Compressing objects:  20% (5/24)   Compressing objects:  25% (6/24)   Compressing objects:  29% (7/24)   Compressing objects:  33% (8/24)   Compressing objects:  37% (9/24)   Compressing objects:  41% (10/24)   Compressing objects:  45% (11/24)   Compressing objects:  50% (12/24)   Compressing objects:  54% (13/24)   Compressing objects:  58% (14/24)   Compressing objects:  62% (15/24)   Compressing objects:  66% (16/24)   Compressing objects:  70% (17/24)   Compressing objects:  75% (18/24)   Compressing objects:  79% (19/24)   Compressing objects:  83% (20/24)   Compressing objects:  87% (21/24)   Compressing objects:  91% (22/24)   Compressing objects:  95% (23/24)   Compressing objects: 100% (24/24)   Compressing objects: 100% (24/24), done.
Writing objects:   3% (1/28)   Writing objects:   7% (2/28)   Writing objects:  10% (3/28)   Writing objects:  14% (4/28)   Writing objects:  17% (5/28)   Writing objects:  21% (6/28)   Writing objects:  25% (7/28)   Writing objects:  28% (8/28)   Writing objects:  32% (9/28)   Writing objects:  35% (10/28)   Writing objects:  39% (11/28)   Writing objects:  42% (12/28)   Writing objects:  46% (13/28)   Writing objects:  50% (14/28)   Writing objects:  53% (15/28)   Writing objects:  57% (16/28)   Writing objects:  60% (17/28)   Writing objects:  64% (18/28)   Writing objects:  67% (19/28)   Writing objects:  71% (20/28)   Writing objects:  75% (21/28)   Writing objects:  78% (22/28)   Writing objects:  82% (23/28)   Writing objects:  85% (24/28)   Writing objects:  89% (25/28)   Writing objects:  92% (26/28)   Writing objects:  96% (27/28)   Writing objects: 100% (28/28)   Writing objects: 100% (28/28), 8.39 KiB | 373.00 KiB/s, done.
Total 28 (delta 5), reused 0 (delta 0)
remote: Resolving deltas:   0% (0/5)   [Kremote: Resolving deltas:  20% (1/5)   [Kremote: Resolving deltas:  40% (2/5)   [Kremote: Resolving deltas:  60% (3/5)   [Kremote: Resolving deltas:  80% (4/5)   [Kremote: Resolving deltas: 100% (5/5)   [Kremote: Resolving deltas: 100% (5/5), completed with 5 local objects.[K
To https://github.com/gabrielcrepeault/tvarPackage.git
   1e8f989..c0fc62b  master -> master
]0;~/Box Sync/Ulaval/Parascolaire/Programmation/R/tvarPackage$ git add -A
