d[Kcd ~
]0;~$ cd ~/B[K[K[KBox\ Sync/GitHub/
]0;~/Box Sync/GitHub$ cd tvarPackage/
]0;~/Box Sync/GitHub/tvarPackage$ ls
DESCRIPTION		R			tvarpackage.Rproj
LICENSE			README.md
NAMESPACE		man
]0;~/Box Sync/GitHub/tvarPackage$ ls -a
.			.git			README.md
..			DESCRIPTION		man
.Rbuildignore		LICENSE			tvarpackage.Rproj
.Rhistory		NAMESPACE
.Rproj.user		R
]0;~/Box Sync/GitHub/tvarPackage$ git add -A
]0;~/Box Sync/GitHub/tvarPackage$ git commit "Major [K[K[K[K[K[KEdit the[K[K[K[K[K[K[K[KFixed an issue it[K[Kwith package Dev"
error: pathspec 'Fixed an issue with package Dev' did not match any file(s) known to git.
]0;~/Box Sync/GitHub/tvarPackage$ git commit -m ""F"i"x"[1P"[1P"[1P"D"e"b"u"g" "p"a"c"k"a"g"e"
[master 3b71355] Debug package
 52 files changed, 93 insertions(+), 984 deletions(-)
 rewrite .Rhistory (100%)
 create mode 100644 .Rproj.user/EC950CE1/console06/95884CCF
 create mode 100644 .Rproj.user/EC950CE1/console06/95884CCF.env
 rewrite .Rproj.user/EC950CE1/console06/INDEX001 (100%)
 delete mode 100644 .gitignore
 delete mode 100644 man/E_beta.Rd
 delete mode 100644 man/E_binom.Rd
 delete mode 100644 man/E_exp.Rd
 delete mode 100644 man/E_gamma.Rd
 delete mode 100644 man/E_lnorm.Rd
 delete mode 100644 man/E_nbinom.Rd
 delete mode 100644 man/E_unif.Rd
 delete mode 100644 man/Elim_beta.Rd
 delete mode 100644 man/Elim_exp.Rd
 delete mode 100644 man/Elim_gamma.Rd
 delete mode 100644 man/Elim_lnorm.Rd
 delete mode 100644 man/Elim_unif.Rd
 delete mode 100644 man/Etronq_beta.Rd
 delete mode 100644 man/Etronq_exp.Rd
 delete mode 100644 man/Etronq_gamma.Rd
 delete mode 100644 man/Etronq_lnorm.Rd
 delete mode 100644 man/Etronq_unif.Rd
 delete mode 100644 man/Mexcess_beta.Rd
 delete mode 100644 man/Mexcess_exp.Rd
 delete mode 100644 man/Mexcess_gamma.Rd
 delete mode 100644 man/Mexcess_lnorm.Rd
 delete mode 100644 man/Mexcess_unif.Rd
 delete mode 100644 man/SL_beta.Rd
 delete mode 100644 man/SL_exp.Rd
 delete mode 100644 man/SL_gamma.Rd
 delete mode 100644 man/SL_lnorm.Rd
 delete mode 100644 man/SL_unif.Rd
 delete mode 100644 man/TVaR_beta.Rd
 delete mode 100644 man/TVaR_exp.Rd
 delete mode 100644 man/TVaR_gamma.Rd
 delete mode 100644 man/TVaR_lnorm.Rd
 delete mode 100644 man/V_beta.Rd
 delete mode 100644 man/V_binom.Rd
 delete mode 100644 man/V_exp.Rd
 delete mode 100644 man/V_gamma.Rd
 delete mode 100644 man/V_lnorm.Rd
 delete mode 100644 man/V_nbinom.Rd
 delete mode 100644 man/V_unif.Rd
 delete mode 100644 man/VaR_beta.Rd
 delete mode 100644 man/VaR_exp.Rd
 delete mode 100644 man/VaR_gamma.Rd
 delete mode 100644 man/VaR_lnorm.Rd
 delete mode 100644 man/VaR_unif.Rd
]0;~/Box Sync/GitHub/tvarPackage$ git pull
Already up-to-date.
]0;~/Box Sync/GitHub/tvarPackage$ git push
Counting objects: 14, done.
Delta compression using up to 4 threads.
Compressing objects:   7% (1/13)   Compressing objects:  15% (2/13)   Compressing objects:  23% (3/13)   Compressing objects:  30% (4/13)   Compressing objects:  38% (5/13)   Compressing objects:  46% (6/13)   Compressing objects:  53% (7/13)   Compressing objects:  61% (8/13)   Compressing objects:  69% (9/13)   Compressing objects:  76% (10/13)   Compressing objects:  84% (11/13)   Compressing objects:  92% (12/13)   Compressing objects: 100% (13/13)   Compressing objects: 100% (13/13), done.
Writing objects:   7% (1/14)   Writing objects:  14% (2/14)   Writing objects:  21% (3/14)   Writing objects:  28% (4/14)   Writing objects:  35% (5/14)   Writing objects:  42% (6/14)   Writing objects:  50% (7/14)   Writing objects:  57% (8/14)   Writing objects:  64% (9/14)   Writing objects:  71% (10/14)   Writing objects:  78% (11/14)   Writing objects:  85% (12/14)   Writing objects:  92% (13/14)   Writing objects: 100% (14/14)   Writing objects: 100% (14/14), 3.00 KiB | 66.00 KiB/s, done.
Total 14 (delta 5), reused 0 (delta 0)
remote: Resolving deltas:   0% (0/5)   [Kremote: Resolving deltas:  20% (1/5)   [Kremote: Resolving deltas:  40% (2/5)   [Kremote: Resolving deltas:  60% (3/5)   [Kremote: Resolving deltas:  80% (4/5)   [Kremote: Resolving deltas: 100% (5/5)   [Kremote: Resolving deltas: 100% (5/5), completed with 5 local objects.[K
To https://github.com/gabrielcrepeault/tvarPackage.git
   6cc7493..3b71355  master -> master
]0;~/Box Sync/GitHub/tvarPackage$ ]0;~/Box Sync/GitHub/tvarPackage[?1034h$ ## Shell script to update Package on github. is in .gitignore
]0;~/Box Sync/GitHub/tvarPackage$ git pull
Already up-to-date.
]0;~/Box Sync/GitHub/tvarPackage$ git add -A
]0;~/Box Sync/GitHub/tvarPackage$ git commit -m "Modification"
[master e6e855b] Modification
 38 files changed, 213 insertions(+), 848 deletions(-)
 delete mode 100644 .Rproj.user/EC950CE1/console06/4F4AB03C
 delete mode 100644 .Rproj.user/EC950CE1/console06/4F4AB03C.env
 rewrite .Rproj.user/EC950CE1/console06/INDEX001 (100%)
 delete mode 100644 .Rproj.user/EC950CE1/pcs/debug-breakpoints.pper
 rewrite .Rproj.user/EC950CE1/rmd-outputs (99%)
 create mode 100644 .Rproj.user/EC950CE1/sources/prop/38108B55
 create mode 100644 .Rproj.user/EC950CE1/sources/prop/51AAC883
 create mode 100644 .Rproj.user/EC950CE1/sources/prop/74537AE7
 create mode 100644 .Rproj.user/EC950CE1/sources/prop/A52E7FD9
 create mode 100644 .Rproj.user/EC950CE1/sources/prop/AE0EF32F
 create mode 100644 .Rproj.user/EC950CE1/sources/prop/CB81E5
 create mode 100644 .Rproj.user/EC950CE1/sources/prop/E574D01C
 create mode 100644 .Rproj.user/EC950CE1/sources/prop/F3E49DB3
 delete mode 100644 .Rproj.user/EC950CE1/sources/s-35582962/3D1C3E6D
 delete mode 100644 .Rproj.user/EC950CE1/sources/s-35582962/794E095C
 delete mode 100644 .Rproj.user/EC950CE1/sources/s-35582962/8A804882
 rename .Rproj.user/EC950CE1/sources/{s-35582962/E3AB0178 => s-FD24222B/2BBE858A} (52%)
 create mode 100644 .Rproj.user/EC950CE1/sources/s-FD24222B/2BBE858A-contents
 rename .Rproj.user/EC950CE1/sources/{s-35582962 => s-FD24222B}/3D1C3E6D-contents (93%)
 rename .Rproj.user/EC950CE1/sources/{s-35582962 => s-FD24222B}/6CAD63DD (74%)
 rename .Rproj.user/EC950CE1/sources/{s-35582962 => s-FD24222B}/6CAD63DD-contents (100%)
 rename .Rproj.user/EC950CE1/sources/{s-35582962 => s-FD24222B}/794E095C-contents (100%)
 rename .Rproj.user/EC950CE1/sources/{s-35582962 => s-FD24222B}/8A804882-contents (100%)
 create mode 100644 .Rproj.user/EC950CE1/sources/s-FD24222B/DE3906
 create mode 100644 .Rproj.user/EC950CE1/sources/s-FD24222B/DE3906-contents
 rename .Rproj.user/EC950CE1/sources/{s-35582962 => s-FD24222B}/E2000236 (62%)
 rename .Rproj.user/EC950CE1/sources/{s-35582962 => s-FD24222B}/E2000236-contents (60%)
 rename .Rproj.user/EC950CE1/sources/{s-35582962 => s-FD24222B}/E3AB0178-contents (100%)
 rename .Rproj.user/EC950CE1/sources/{s-35582962 => s-FD24222B}/lock_file (100%)
 rewrite .Rproj.user/shared/notebooks/paths (91%)
 create mode 100644 .gitignore
]0;~/Box Sync/GitHub/tvarPackage$ git push
Counting objects: 30, done.
Delta compression using up to 4 threads.
Compressing objects:   3% (1/27)   Compressing objects:   7% (2/27)   Compressing objects:  11% (3/27)   Compressing objects:  14% (4/27)   Compressing objects:  18% (5/27)   Compressing objects:  22% (6/27)   Compressing objects:  25% (7/27)   Compressing objects:  29% (8/27)   Compressing objects:  33% (9/27)   Compressing objects:  37% (10/27)   Compressing objects:  40% (11/27)   Compressing objects:  44% (12/27)   Compressing objects:  48% (13/27)   Compressing objects:  51% (14/27)   Compressing objects:  55% (15/27)   Compressing objects:  59% (16/27)   Compressing objects:  62% (17/27)   Compressing objects:  66% (18/27)   Compressing objects:  70% (19/27)   Compressing objects:  74% (20/27)   Compressing objects:  77% (21/27)   Compressing objects:  81% (22/27)   Compressing objects:  85% (23/27)   Compressing objects:  88% (24/27)   Compressing objects:  92% (25/27)   Compressing objects:  96% (26/27)   Compressing objects: 100% (27/27)   Compressing objects: 100% (27/27), done.
Writing objects:   3% (1/30)   Writing objects:   6% (2/30)   Writing objects:  10% (3/30)   Writing objects:  13% (4/30)   Writing objects:  16% (5/30)   Writing objects:  20% (6/30)   Writing objects:  23% (7/30)   Writing objects:  26% (8/30)   Writing objects:  30% (9/30)   Writing objects:  33% (10/30)   Writing objects:  36% (11/30)   Writing objects:  40% (12/30)   Writing objects:  43% (13/30)   Writing objects:  46% (14/30)   Writing objects:  50% (15/30)   Writing objects:  53% (16/30)   Writing objects:  56% (17/30)   Writing objects:  60% (18/30)   Writing objects:  63% (19/30)   Writing objects:  66% (20/30)   Writing objects:  73% (22/30)   Writing objects:  76% (23/30)   Writing objects:  80% (24/30)   Writing objects:  83% (25/30)   Writing objects:  86% (26/30)   Writing objects:  90% (27/30)   Writing objects:  93% (28/30)   Writing objects:  96% (29/30)   Writing objects: 100% (30/30)   Writing objects: 100% (30/30), 4.88 KiB | 87.00 KiB/s, done.
Total 30 (delta 11), reused 3 (delta 0)
remote: Resolving deltas:   0% (0/11)   [Kremote: Resolving deltas:  27% (3/11)   [Kremote: Resolving deltas:  36% (4/11)   [Kremote: Resolving deltas:  45% (5/11)   [Kremote: Resolving deltas:  54% (6/11)   [Kremote: Resolving deltas:  63% (7/11)   [Kremote: Resolving deltas:  72% (8/11)   [Kremote: Resolving deltas:  81% (9/11)   [Kremote: Resolving deltas:  90% (10/11)   [Kremote: Resolving deltas: 100% (11/11)   [Kremote: Resolving deltas: 100% (11/11), completed with 8 local objects.[K
To https://github.com/gabrielcrepeault/tvarPackage.git
   3b71355..e6e855b  master -> master
]0;~/Box Sync/GitHub/tvarPackage$ 
]0;~/Box Sync/GitHub/tvarPackage$ 
]0;~/Box Sync/GitHub/tvarPackage[?1034h$ ## Shell script to update Package on github. is in .gitignore
]0;~/Box Sync/GitHub/tvarPackage$ git pull
