d[Kcd ~
]0;~$ cd ~/B[K[K[KBox\ Sync/GitHub/
]0;~/Box Sync/GitHub$ cd tvarPackage/
]0;~/Box Sync/GitHub/tvarPackage$ ls
DESCRIPTION		R			tvarpackage.Rproj
LICENSE			README.md
NAMESPACE		man
]0;~/Box Sync/GitHub/tvarPackage$ ls -a
.			.git			README.md
..			DESCRIPTION		man
.Rbuildignore		LICENSE			tvarpackage.Rproj
.Rhistory		NAMESPACE
.Rproj.user		R
]0;~/Box Sync/GitHub/tvarPackage$ git add -A
]0;~/Box Sync/GitHub/tvarPackage$ git commit "Major [K[K[K[K[K[KEdit the[K[K[K[K[K[K[K[KFixed an issue it[K[Kwith package Dev"
error: pathspec 'Fixed an issue with package Dev' did not match any file(s) known to git.
]0;~/Box Sync/GitHub/tvarPackage$ git commit -m ""F"i"x"[1P"[1P"[1P"D"e"b"u"g" "p"a"c"k"a"g"e"
[master 3b71355] Debug package
 52 files changed, 93 insertions(+), 984 deletions(-)
 rewrite .Rhistory (100%)
 create mode 100644 .Rproj.user/EC950CE1/console06/95884CCF
 create mode 100644 .Rproj.user/EC950CE1/console06/95884CCF.env
 rewrite .Rproj.user/EC950CE1/console06/INDEX001 (100%)
 delete mode 100644 .gitignore
 delete mode 100644 man/E_beta.Rd
 delete mode 100644 man/E_binom.Rd
 delete mode 100644 man/E_exp.Rd
 delete mode 100644 man/E_gamma.Rd
 delete mode 100644 man/E_lnorm.Rd
 delete mode 100644 man/E_nbinom.Rd
 delete mode 100644 man/E_unif.Rd
 delete mode 100644 man/Elim_beta.Rd
 delete mode 100644 man/Elim_exp.Rd
 delete mode 100644 man/Elim_gamma.Rd
 delete mode 100644 man/Elim_lnorm.Rd
 delete mode 100644 man/Elim_unif.Rd
 delete mode 100644 man/Etronq_beta.Rd
 delete mode 100644 man/Etronq_exp.Rd
 delete mode 100644 man/Etronq_gamma.Rd
 delete mode 100644 man/Etronq_lnorm.Rd
 delete mode 100644 man/Etronq_unif.Rd
 delete mode 100644 man/Mexcess_beta.Rd
 delete mode 100644 man/Mexcess_exp.Rd
 delete mode 100644 man/Mexcess_gamma.Rd
 delete mode 100644 man/Mexcess_lnorm.Rd
 delete mode 100644 man/Mexcess_unif.Rd
 delete mode 100644 man/SL_beta.Rd
 delete mode 100644 man/SL_exp.Rd
 delete mode 100644 man/SL_gamma.Rd
 delete mode 100644 man/SL_lnorm.Rd
 delete mode 100644 man/SL_unif.Rd
 delete mode 100644 man/TVaR_beta.Rd
 delete mode 100644 man/TVaR_exp.Rd
 delete mode 100644 man/TVaR_gamma.Rd
 delete mode 100644 man/TVaR_lnorm.Rd
 delete mode 100644 man/V_beta.Rd
 delete mode 100644 man/V_binom.Rd
 delete mode 100644 man/V_exp.Rd
 delete mode 100644 man/V_gamma.Rd
 delete mode 100644 man/V_lnorm.Rd
 delete mode 100644 man/V_nbinom.Rd
 delete mode 100644 man/V_unif.Rd
 delete mode 100644 man/VaR_beta.Rd
 delete mode 100644 man/VaR_exp.Rd
 delete mode 100644 man/VaR_gamma.Rd
 delete mode 100644 man/VaR_lnorm.Rd
 delete mode 100644 man/VaR_unif.Rd
]0;~/Box Sync/GitHub/tvarPackage$ git pull
Already up-to-date.
]0;~/Box Sync/GitHub/tvarPackage$ git push
Counting objects: 14, done.
Delta compression using up to 4 threads.
Compressing objects:   7% (1/13)   Compressing objects:  15% (2/13)   Compressing objects:  23% (3/13)   Compressing objects:  30% (4/13)   Compressing objects:  38% (5/13)   Compressing objects:  46% (6/13)   Compressing objects:  53% (7/13)   Compressing objects:  61% (8/13)   Compressing objects:  69% (9/13)   Compressing objects:  76% (10/13)   Compressing objects:  84% (11/13)   Compressing objects:  92% (12/13)   Compressing objects: 100% (13/13)   Compressing objects: 100% (13/13), done.
Writing objects:   7% (1/14)   Writing objects:  14% (2/14)   Writing objects:  21% (3/14)   Writing objects:  28% (4/14)   Writing objects:  35% (5/14)   Writing objects:  42% (6/14)   Writing objects:  50% (7/14)   Writing objects:  57% (8/14)   Writing objects:  64% (9/14)   Writing objects:  71% (10/14)   Writing objects:  78% (11/14)   Writing objects:  85% (12/14)   Writing objects:  92% (13/14)   Writing objects: 100% (14/14)   Writing objects: 100% (14/14), 3.00 KiB | 66.00 KiB/s, done.
Total 14 (delta 5), reused 0 (delta 0)
remote: Resolving deltas:   0% (0/5)   [Kremote: Resolving deltas:  20% (1/5)   [Kremote: Resolving deltas:  40% (2/5)   [Kremote: Resolving deltas:  60% (3/5)   [Kremote: Resolving deltas:  80% (4/5)   [Kremote: Resolving deltas: 100% (5/5)   [Kremote: Resolving deltas: 100% (5/5), completed with 5 local objects.[K
To https://github.com/gabrielcrepeault/tvarPackage.git
   6cc7493..3b71355  master -> master
]0;~/Box Sync/GitHub/tvarPackage$ ]0;~/Box Sync/GitHub/tvarPackage[?1034h$ ## Shell script to update Package on github. is in .gitignore
]0;~/Box Sync/GitHub/tvarPackage$ git pull
Already up-to-date.
]0;~/Box Sync/GitHub/tvarPackage$ git add -A
]0;~/Box Sync/GitHub/tvarPackage$ git commit -m "Modification"
[master e6e855b] Modification
 38 files changed, 213 insertions(+), 848 deletions(-)
 delete mode 100644 .Rproj.user/EC950CE1/console06/4F4AB03C
 delete mode 100644 .Rproj.user/EC950CE1/console06/4F4AB03C.env
 rewrite .Rproj.user/EC950CE1/console06/INDEX001 (100%)
 delete mode 100644 .Rproj.user/EC950CE1/pcs/debug-breakpoints.pper
 rewrite .Rproj.user/EC950CE1/rmd-outputs (99%)
 create mode 100644 .Rproj.user/EC950CE1/sources/prop/38108B55
 create mode 100644 .Rproj.user/EC950CE1/sources/prop/51AAC883
 create mode 100644 .Rproj.user/EC950CE1/sources/prop/74537AE7
 create mode 100644 .Rproj.user/EC950CE1/sources/prop/A52E7FD9
 create mode 100644 .Rproj.user/EC950CE1/sources/prop/AE0EF32F
 create mode 100644 .Rproj.user/EC950CE1/sources/prop/CB81E5
 create mode 100644 .Rproj.user/EC950CE1/sources/prop/E574D01C
 create mode 100644 .Rproj.user/EC950CE1/sources/prop/F3E49DB3
 delete mode 100644 .Rproj.user/EC950CE1/sources/s-35582962/3D1C3E6D
 delete mode 100644 .Rproj.user/EC950CE1/sources/s-35582962/794E095C
 delete mode 100644 .Rproj.user/EC950CE1/sources/s-35582962/8A804882
 rename .Rproj.user/EC950CE1/sources/{s-35582962/E3AB0178 => s-FD24222B/2BBE858A} (52%)
 create mode 100644 .Rproj.user/EC950CE1/sources/s-FD24222B/2BBE858A-contents
 rename .Rproj.user/EC950CE1/sources/{s-35582962 => s-FD24222B}/3D1C3E6D-contents (93%)
 rename .Rproj.user/EC950CE1/sources/{s-35582962 => s-FD24222B}/6CAD63DD (74%)
 rename .Rproj.user/EC950CE1/sources/{s-35582962 => s-FD24222B}/6CAD63DD-contents (100%)
 rename .Rproj.user/EC950CE1/sources/{s-35582962 => s-FD24222B}/794E095C-contents (100%)
 rename .Rproj.user/EC950CE1/sources/{s-35582962 => s-FD24222B}/8A804882-contents (100%)
 create mode 100644 .Rproj.user/EC950CE1/sources/s-FD24222B/DE3906
 create mode 100644 .Rproj.user/EC950CE1/sources/s-FD24222B/DE3906-contents
 rename .Rproj.user/EC950CE1/sources/{s-35582962 => s-FD24222B}/E2000236 (62%)
 rename .Rproj.user/EC950CE1/sources/{s-35582962 => s-FD24222B}/E2000236-contents (60%)
 rename .Rproj.user/EC950CE1/sources/{s-35582962 => s-FD24222B}/E3AB0178-contents (100%)
 rename .Rproj.user/EC950CE1/sources/{s-35582962 => s-FD24222B}/lock_file (100%)
 rewrite .Rproj.user/shared/notebooks/paths (91%)
 create mode 100644 .gitignore
]0;~/Box Sync/GitHub/tvarPackage$ git push
Counting objects: 30, done.
Delta compression using up to 4 threads.
Compressing objects:   3% (1/27)   Compressing objects:   7% (2/27)   Compressing objects:  11% (3/27)   Compressing objects:  14% (4/27)   Compressing objects:  18% (5/27)   Compressing objects:  22% (6/27)   Compressing objects:  25% (7/27)   Compressing objects:  29% (8/27)   Compressing objects:  33% (9/27)   Compressing objects:  37% (10/27)   Compressing objects:  40% (11/27)   Compressing objects:  44% (12/27)   Compressing objects:  48% (13/27)   Compressing objects:  51% (14/27)   Compressing objects:  55% (15/27)   Compressing objects:  59% (16/27)   Compressing objects:  62% (17/27)   Compressing objects:  66% (18/27)   Compressing objects:  70% (19/27)   Compressing objects:  74% (20/27)   Compressing objects:  77% (21/27)   Compressing objects:  81% (22/27)   Compressing objects:  85% (23/27)   Compressing objects:  88% (24/27)   Compressing objects:  92% (25/27)   Compressing objects:  96% (26/27)   Compressing objects: 100% (27/27)   Compressing objects: 100% (27/27), done.
Writing objects:   3% (1/30)   Writing objects:   6% (2/30)   Writing objects:  10% (3/30)   Writing objects:  13% (4/30)   Writing objects:  16% (5/30)   Writing objects:  20% (6/30)   Writing objects:  23% (7/30)   Writing objects:  26% (8/30)   Writing objects:  30% (9/30)   Writing objects:  33% (10/30)   Writing objects:  36% (11/30)   Writing objects:  40% (12/30)   Writing objects:  43% (13/30)   Writing objects:  46% (14/30)   Writing objects:  50% (15/30)   Writing objects:  53% (16/30)   Writing objects:  56% (17/30)   Writing objects:  60% (18/30)   Writing objects:  63% (19/30)   Writing objects:  66% (20/30)   Writing objects:  73% (22/30)   Writing objects:  76% (23/30)   Writing objects:  80% (24/30)   Writing objects:  83% (25/30)   Writing objects:  86% (26/30)   Writing objects:  90% (27/30)   Writing objects:  93% (28/30)   Writing objects:  96% (29/30)   Writing objects: 100% (30/30)   Writing objects: 100% (30/30), 4.88 KiB | 87.00 KiB/s, done.
Total 30 (delta 11), reused 3 (delta 0)
remote: Resolving deltas:   0% (0/11)   [Kremote: Resolving deltas:  27% (3/11)   [Kremote: Resolving deltas:  36% (4/11)   [Kremote: Resolving deltas:  45% (5/11)   [Kremote: Resolving deltas:  54% (6/11)   [Kremote: Resolving deltas:  63% (7/11)   [Kremote: Resolving deltas:  72% (8/11)   [Kremote: Resolving deltas:  81% (9/11)   [Kremote: Resolving deltas:  90% (10/11)   [Kremote: Resolving deltas: 100% (11/11)   [Kremote: Resolving deltas: 100% (11/11), completed with 8 local objects.[K
To https://github.com/gabrielcrepeault/tvarPackage.git
   3b71355..e6e855b  master -> master
]0;~/Box Sync/GitHub/tvarPackage$ 
]0;~/Box Sync/GitHub/tvarPackage$ 
]0;~/Box Sync/GitHub/tvarPackage[?1034h$ ## Shell script to update Package on github. is in .gitignore
]0;~/Box Sync/GitHub/tvarPackage$ git pull
Already up-to-date.
]0;~/Box Sync/GitHub/tvarPackage$ git add -A
]0;~/Box Sync/GitHub/tvarPackage$ git commit -m "Modification"
[master 7ca39f9] Modification
 15 files changed, 131 insertions(+), 17 deletions(-)
 rewrite .Rproj.user/EC950CE1/console06/INDEX001 (84%)
 create mode 100644 .Rproj.user/EC950CE1/sources/prop/76A3FE69
 create mode 100644 .Rproj.user/EC950CE1/sources/prop/F5A5D26B
 create mode 100644 .Rproj.user/EC950CE1/sources/s-FD24222B/B8D35882
 create mode 100644 .Rproj.user/EC950CE1/sources/s-FD24222B/B8D35882-contents
 create mode 100644 .Rproj.user/EC950CE1/sources/s-FD24222B/E861B287
 create mode 100644 .Rproj.user/EC950CE1/sources/s-FD24222B/E861B287-contents
]0;~/Box Sync/GitHub/tvarPackage$ git push
Counting objects: 21, done.
Delta compression using up to 4 threads.
Compressing objects:   5% (1/20)   Compressing objects:  10% (2/20)   Compressing objects:  15% (3/20)   Compressing objects:  20% (4/20)   Compressing objects:  25% (5/20)   Compressing objects:  30% (6/20)   Compressing objects:  35% (7/20)   Compressing objects:  40% (8/20)   Compressing objects:  45% (9/20)   Compressing objects:  50% (10/20)   Compressing objects:  55% (11/20)   Compressing objects:  60% (12/20)   Compressing objects:  65% (13/20)   Compressing objects:  70% (14/20)   Compressing objects:  75% (15/20)   Compressing objects:  80% (16/20)   Compressing objects:  85% (17/20)   Compressing objects:  90% (18/20)   Compressing objects:  95% (19/20)   Compressing objects: 100% (20/20)   Compressing objects: 100% (20/20), done.
Writing objects:   4% (1/21)   Writing objects:   9% (2/21)   Writing objects:  14% (3/21)   Writing objects:  19% (4/21)   Writing objects:  23% (5/21)   Writing objects:  28% (6/21)   Writing objects:  33% (7/21)   Writing objects:  38% (8/21)   Writing objects:  42% (9/21)   Writing objects:  47% (10/21)   Writing objects:  52% (11/21)   Writing objects:  57% (12/21)   Writing objects:  61% (13/21)   Writing objects:  66% (14/21)   Writing objects:  71% (15/21)   Writing objects:  76% (16/21)   Writing objects:  80% (17/21)   Writing objects:  90% (19/21)   Writing objects:  95% (20/21)   Writing objects: 100% (21/21)   Writing objects: 100% (21/21), 4.25 KiB | 181.00 KiB/s, done.
Total 21 (delta 11), reused 1 (delta 0)
remote: Resolving deltas:   0% (0/11)   [Kremote: Resolving deltas:   9% (1/11)   [Kremote: Resolving deltas:  18% (2/11)   [Kremote: Resolving deltas:  27% (3/11)   [Kremote: Resolving deltas:  36% (4/11)   [Kremote: Resolving deltas:  45% (5/11)   [Kremote: Resolving deltas:  54% (6/11)   [Kremote: Resolving deltas:  63% (7/11)   [Kremote: Resolving deltas:  72% (8/11)   [Kremote: Resolving deltas:  81% (9/11)   [Kremote: Resolving deltas: 100% (11/11)   [Kremote: Resolving deltas: 100% (11/11), completed with 10 local objects.[K
To https://github.com/gabrielcrepeault/tvarPackage.git
   e6e855b..7ca39f9  master -> master
]0;~/Box Sync/GitHub/tvarPackage$ 
]0;~/Box Sync/GitHub/tvarPackage$ 
]0;~/Box Sync/GitHub/tvarPackage[?1034h$ ## Shell script to update Package on github. is in .gitignore
]0;~/Box Sync/GitHub/tvarPackage$ git pull
Already up-to-date.
]0;~/Box Sync/GitHub/tvarPackage$ git add -A
]0;~/Box Sync/GitHub/tvarPackage$ git commit -m "Modification"
[master 48f2a1b] Modification
 69 files changed, 892 insertions(+), 102 deletions(-)
 create mode 100644 .Rproj.user/EC950CE1/pcs/debug-breakpoints.pper
 create mode 100644 .Rproj.user/EC950CE1/sources/prop/6739BC74
 delete mode 100644 .Rproj.user/EC950CE1/sources/s-FD24222B/2BBE858A
 create mode 100644 .Rproj.user/EC950CE1/sources/s-FD24222B/6404E7DD
 create mode 100644 .Rproj.user/EC950CE1/sources/s-FD24222B/6404E7DD-contents
 delete mode 100644 .Rproj.user/EC950CE1/sources/s-FD24222B/DE3906
 rename .Rproj.user/EC950CE1/sources/s-FD24222B/{B8D35882 => E1CA73CE} (67%)
 create mode 100644 .Rproj.user/EC950CE1/sources/s-FD24222B/E1CA73CE-contents
 delete mode 100644 .Rproj.user/EC950CE1/sources/s-FD24222B/E861B287
 create mode 100644 man/E_beta.Rd
 create mode 100644 man/E_binom.Rd
 create mode 100644 man/E_exp.Rd
 create mode 100644 man/E_gamma.Rd
 create mode 100644 man/E_lnorm.Rd
 create mode 100644 man/E_nbinom.Rd
 create mode 100644 man/E_unif.Rd
 create mode 100644 man/Elim_beta.Rd
 create mode 100644 man/Elim_exp.Rd
 create mode 100644 man/Elim_gamma.Rd
 create mode 100644 man/Elim_lnorm.Rd
 create mode 100644 man/Elim_unif.Rd
 create mode 100644 man/Etronq_beta.Rd
 create mode 100644 man/Etronq_exp.Rd
 create mode 100644 man/Etronq_gamma.Rd
 create mode 100644 man/Etronq_lnorm.Rd
 create mode 100644 man/Etronq_unif.Rd
 create mode 100644 man/Mexcess_beta.Rd
 create mode 100644 man/Mexcess_exp.Rd
 create mode 100644 man/Mexcess_gamma.Rd
 create mode 100644 man/Mexcess_lnorm.Rd
 create mode 100644 man/Mexcess_unif.Rd
 create mode 100644 man/SL_beta.Rd
 create mode 100644 man/SL_exp.Rd
 create mode 100644 man/SL_gamma.Rd
 create mode 100644 man/SL_lnorm.Rd
 create mode 100644 man/SL_unif.Rd
 create mode 100644 man/TVaR_beta.Rd
 create mode 100644 man/TVaR_exp.Rd
 create mode 100644 man/TVaR_gamma.Rd
 create mode 100644 man/TVaR_lnorm.Rd
 create mode 100644 man/TVaR_norm.Rd
 create mode 100644 man/V_beta.Rd
 create mode 100644 man/V_binom.Rd
 create mode 100644 man/V_exp.Rd
 create mode 100644 man/V_gamma.Rd
 create mode 100644 man/V_lnorm.Rd
 create mode 100644 man/V_nbinom.Rd
 create mode 100644 man/V_unif.Rd
 create mode 100644 man/VaR_beta.Rd
 create mode 100644 man/VaR_exp.Rd
 create mode 100644 man/VaR_gamma.Rd
 create mode 100644 man/VaR_lnorm.Rd
 create mode 100644 man/VaR_norm.Rd
 create mode 100644 man/VaR_unif.Rd
]0;~/Box Sync/GitHub/tvarPackage$ git push
Counting objects: 75, done.
Delta compression using up to 4 threads.
Compressing objects:   1% (1/53)   Compressing objects:   3% (2/53)   Compressing objects:   5% (3/53)   Compressing objects:   7% (4/53)   Compressing objects:   9% (5/53)   Compressing objects:  11% (6/53)   Compressing objects:  13% (7/53)   Compressing objects:  15% (8/53)   Compressing objects:  16% (9/53)   Compressing objects:  18% (10/53)   Compressing objects:  20% (11/53)   Compressing objects:  22% (12/53)   Compressing objects:  24% (13/53)   Compressing objects:  26% (14/53)   Compressing objects:  28% (15/53)   Compressing objects:  30% (16/53)   Compressing objects:  32% (17/53)   Compressing objects:  33% (18/53)   Compressing objects:  35% (19/53)   Compressing objects:  37% (20/53)   Compressing objects:  39% (21/53)   Compressing objects:  41% (22/53)   Compressing objects:  43% (23/53)   Compressing objects:  45% (24/53)   Compressing objects:  47% (25/53)   Compressing objects:  49% (26/53)   Compressing objects:  50% (27/53)   Compressing objects:  52% (28/53)   Compressing objects:  54% (29/53)   Compressing objects:  56% (30/53)   Compressing objects:  58% (31/53)   Compressing objects:  60% (32/53)   Compressing objects:  62% (33/53)   Compressing objects:  64% (34/53)   Compressing objects:  66% (35/53)   Compressing objects:  67% (36/53)   Compressing objects:  69% (37/53)   Compressing objects:  71% (38/53)   Compressing objects:  73% (39/53)   Compressing objects:  75% (40/53)   Compressing objects:  77% (41/53)   Compressing objects:  79% (42/53)   Compressing objects:  81% (43/53)   Compressing objects:  83% (44/53)   Compressing objects:  84% (45/53)   Compressing objects:  86% (46/53)   Compressing objects:  88% (47/53)   Compressing objects:  90% (48/53)   Compressing objects:  92% (49/53)   Compressing objects:  94% (50/53)   Compressing objects:  96% (51/53)   Compressing objects:  98% (52/53)   Compressing objects: 100% (53/53)   Compressing objects: 100% (53/53), done.
Writing objects:   1% (1/75)   Writing objects:   2% (2/75)   Writing objects:   4% (3/75)   Writing objects:   5% (4/75)   Writing objects:   6% (5/75)   Writing objects:   8% (6/75)   Writing objects:   9% (7/75)   Writing objects:  10% (8/75)   Writing objects:  12% (9/75)   Writing objects:  13% (10/75)   Writing objects:  14% (11/75)   Writing objects:  16% (12/75)   Writing objects:  17% (13/75)   Writing objects:  18% (14/75)   Writing objects:  20% (15/75)   Writing objects:  21% (16/75)   Writing objects:  22% (17/75)   Writing objects:  24% (18/75)   Writing objects:  25% (19/75)   Writing objects:  28% (21/75)   Writing objects:  29% (22/75)   Writing objects:  32% (24/75)   Writing objects:  33% (25/75)   Writing objects:  34% (26/75)   Writing objects:  36% (27/75)   Writing objects:  37% (28/75)   Writing objects:  38% (29/75)   Writing objects:  40% (30/75)   Writing objects:  42% (32/75)   Writing objects:  46% (35/75)   Writing objects:  48% (36/75)   Writing objects:  53% (40/75)   Writing objects:  54% (41/75)   Writing objects:  57% (43/75)   Writing objects:  58% (44/75)   Writing objects:  61% (46/75)   Writing objects:  64% (48/75)   Writing objects:  68% (51/75)   Writing objects:  70% (53/75)   Writing objects:  72% (54/75)   Writing objects:  73% (55/75)   Writing objects:  74% (56/75)   Writing objects:  76% (57/75)   Writing objects:  77% (58/75)   Writing objects:  78% (59/75)   Writing objects:  80% (60/75)   Writing objects:  81% (61/75)   Writing objects:  82% (62/75)   Writing objects:  84% (63/75)   Writing objects:  85% (64/75)   Writing objects:  86% (65/75)   Writing objects:  88% (66/75)   Writing objects:  89% (67/75)   Writing objects:  90% (68/75)   Writing objects:  93% (70/75)   Writing objects:  94% (71/75)   Writing objects:  96% (72/75)   Writing objects:  97% (73/75)   Writing objects:  98% (74/75)   Writing objects: 100% (75/75)   Writing objects: 100% (75/75), 11.10 KiB | 102.00 KiB/s, done.
Total 75 (delta 40), reused 40 (delta 20)
remote: Resolving deltas:   0% (0/40)   [Kremote: Resolving deltas:   2% (1/40)   [Kremote: Resolving deltas:   5% (2/40)   [Kremote: Resolving deltas:   7% (3/40)   [Kremote: Resolving deltas:  15% (6/40)   [Kremote: Resolving deltas:  30% (12/40)   [Kremote: Resolving deltas:  32% (13/40)   [Kremote: Resolving deltas:  37% (15/40)   [Kremote: Resolving deltas:  40% (16/40)   [Kremote: Resolving deltas:  45% (18/40)   [Kremote: Resolving deltas:  47% (19/40)   [Kremote: Resolving deltas:  50% (20/40)   [Kremote: Resolving deltas:  52% (21/40)   [Kremote: Resolving deltas:  55% (22/40)   [Kremote: Resolving deltas:  57% (23/40)   [Kremote: Resolving deltas:  67% (27/40)   [Kremote: Resolving deltas:  70% (28/40)   [Kremote: Resolving deltas:  72% (29/40)   [Kremote: Resolving deltas:  75% (30/40)   [Kremote: Resolving deltas:  77% (31/40)   [Kremote: Resolving deltas:  80% (32/40)   [Kremote: Resolving deltas:  82% (33/40)   [Kremote: Resolving deltas:  85% (34/40)   [Kremote: Resolving deltas:  87% (35/40)   [Kremote: Resolving deltas:  90% (36/40)   [Kremote: Resolving deltas:  92% (37/40)   [Kremote: Resolving deltas:  95% (38/40)   [Kremote: Resolving deltas:  97% (39/40)   [Kremote: Resolving deltas: 100% (40/40)   [Kremote: Resolving deltas: 100% (40/40), completed with 13 local objects.[K
To https://github.com/gabrielcrepeault/tvarPackage.git
   7ca39f9..48f2a1b  master -> master
]0;~/Box Sync/GitHub/tvarPackage$ 
]0;~/Box Sync/GitHub/tvarPackage$ 
]0;~/Box Sync/GitHub/tvarPackage[?1034h$ ## Shell script to update Package on github. is in .gitignore
]0;~/Box Sync/GitHub/tvarPackage$ git pull
Already up-to-date.
]0;~/Box Sync/GitHub/tvarPackage$ git add -A
]0;~/Box Sync/GitHub/tvarPackage$ git commit -m "Modification"
[master 4326db0] Modification
 12 files changed, 94 insertions(+), 14 deletions(-)
]0;~/Box Sync/GitHub/tvarPackage$ git push
Counting objects: 19, done.
Delta compression using up to 4 threads.
Compressing objects:   5% (1/19)   Compressing objects:  10% (2/19)   Compressing objects:  15% (3/19)   Compressing objects:  21% (4/19)   Compressing objects:  26% (5/19)   Compressing objects:  31% (6/19)   Compressing objects:  36% (7/19)   Compressing objects:  42% (8/19)   Compressing objects:  47% (9/19)   Compressing objects:  52% (10/19)   Compressing objects:  57% (11/19)   Compressing objects:  63% (12/19)   Compressing objects:  68% (13/19)   Compressing objects:  73% (14/19)   Compressing objects:  78% (15/19)   Compressing objects:  84% (16/19)   Compressing objects:  89% (17/19)   Compressing objects:  94% (18/19)   Compressing objects: 100% (19/19)   Compressing objects: 100% (19/19), done.
Writing objects:   5% (1/19)   Writing objects:  10% (2/19)   Writing objects:  15% (3/19)   Writing objects:  21% (4/19)   Writing objects:  26% (5/19)   Writing objects:  31% (6/19)   Writing objects:  36% (7/19)   Writing objects:  42% (8/19)   Writing objects:  47% (9/19)   Writing objects:  52% (10/19)   Writing objects:  57% (11/19)   Writing objects:  63% (12/19)   Writing objects:  68% (13/19)   Writing objects:  73% (14/19)   Writing objects:  78% (15/19)   Writing objects:  84% (16/19)   Writing objects:  89% (17/19)   Writing objects:  94% (18/19)   Writing objects: 100% (19/19)   Writing objects: 100% (19/19), 2.91 KiB | 330.00 KiB/s, done.
Total 19 (delta 12), reused 0 (delta 0)
remote: Resolving deltas:   0% (0/12)   [Kremote: Resolving deltas:   8% (1/12)   [Kremote: Resolving deltas:  16% (2/12)   [Kremote: Resolving deltas:  25% (3/12)   [Kremote: Resolving deltas:  33% (4/12)   [Kremote: Resolving deltas:  41% (5/12)   [Kremote: Resolving deltas:  50% (6/12)   [Kremote: Resolving deltas:  58% (7/12)   [Kremote: Resolving deltas:  66% (8/12)   [Kremote: Resolving deltas:  75% (9/12)   [Kremote: Resolving deltas:  83% (10/12)   [Kremote: Resolving deltas:  91% (11/12)   [Kremote: Resolving deltas: 100% (12/12)   [Kremote: Resolving deltas: 100% (12/12), completed with 12 local objects.[K
To https://github.com/gabrielcrepeault/tvarPackage.git
   48f2a1b..4326db0  master -> master
]0;~/Box Sync/GitHub/tvarPackage$ 
]0;~/Box Sync/GitHub/tvarPackage$ 
]0;~/Box Sync/GitHub/tvarPackage$ ]0;~/Box Sync/GitHub/tvarPackage[?1034h$ ## Shell script to update Package on github. is in .gitignore
]0;~/Box Sync/GitHub/tvarPackage$ git pull
Already up-to-date.
]0;~/Box Sync/GitHub/tvarPackage$ git add -A
]0;~/Box Sync/GitHub/tvarPackage$ git commit -m "Modification"
[master 8fc78dc] Modification
 12 files changed, 50 insertions(+), 18 deletions(-)
 rewrite .Rproj.user/EC950CE1/console06/INDEX001 (85%)
]0;~/Box Sync/GitHub/tvarPackage$ git push
Counting objects: 20, done.
Delta compression using up to 4 threads.
Compressing objects:   5% (1/19)   Compressing objects:  10% (2/19)   Compressing objects:  15% (3/19)   Compressing objects:  21% (4/19)   Compressing objects:  26% (5/19)   Compressing objects:  31% (6/19)   Compressing objects:  36% (7/19)   Compressing objects:  42% (8/19)   Compressing objects:  47% (9/19)   Compressing objects:  52% (10/19)   Compressing objects:  57% (11/19)   Compressing objects:  63% (12/19)   Compressing objects:  68% (13/19)   Compressing objects:  73% (14/19)   Compressing objects:  78% (15/19)   Compressing objects:  84% (16/19)   Compressing objects:  89% (17/19)   Compressing objects:  94% (18/19)   Compressing objects: 100% (19/19)   Compressing objects: 100% (19/19), done.
Writing objects:   5% (1/20)   Writing objects:  10% (2/20)   Writing objects:  15% (3/20)   Writing objects:  20% (4/20)   Writing objects:  25% (5/20)   Writing objects:  30% (6/20)   Writing objects:  35% (7/20)   Writing objects:  40% (8/20)   Writing objects:  45% (9/20)   Writing objects:  50% (10/20)   Writing objects:  55% (11/20)   Writing objects:  60% (12/20)   Writing objects:  65% (13/20)   Writing objects:  70% (14/20)   Writing objects:  75% (15/20)   Writing objects:  80% (16/20)   Writing objects:  85% (17/20)   Writing objects:  90% (18/20)   Writing objects:  95% (19/20)   Writing objects: 100% (20/20)   Writing objects: 100% (20/20), 2.20 KiB | 83.00 KiB/s, done.
Total 20 (delta 13), reused 1 (delta 0)
remote: Resolving deltas:   0% (0/13)   [Kremote: Resolving deltas:   7% (1/13)   [Kremote: Resolving deltas:  15% (2/13)   [Kremote: Resolving deltas:  23% (3/13)   [Kremote: Resolving deltas:  30% (4/13)   [Kremote: Resolving deltas:  38% (5/13)   [Kremote: Resolving deltas:  46% (6/13)   [Kremote: Resolving deltas:  53% (7/13)   [Kremote: Resolving deltas:  61% (8/13)   [Kremote: Resolving deltas:  69% (9/13)   [Kremote: Resolving deltas:  76% (10/13)   [Kremote: Resolving deltas:  84% (11/13)   [Kremote: Resolving deltas:  92% (12/13)   [Kremote: Resolving deltas: 100% (13/13)   [Kremote: Resolving deltas: 100% (13/13), completed with 13 local objects.[K
To https://github.com/gabrielcrepeault/tvarPackage.git
   4326db0..8fc78dc  master -> master
]0;~/Box Sync/GitHub/tvarPackage$ 
]0;~/Box Sync/GitHub/tvarPackage$ 
]0;~/Box Sync/GitHub/tvarPackage$ ## Shell script to update Package on github. is in .gitignore
]0;~/Box Sync/GitHub/tvarPackage$ git pull
Already up-to-date.
]0;~/Box Sync/GitHub/tvarPackage$ git add -A
]0;~/Box Sync/GitHub/tvarPackage$ git commit -m "Modification"
[master 224bb94] Modification
 3 files changed, 19 insertions(+), 2 deletions(-)
 rewrite .Rproj.user/EC950CE1/console06/INDEX001 (69%)
]0;~/Box Sync/GitHub/tvarPackage$ git push
Counting objects: 8, done.
Delta compression using up to 4 threads.
Compressing objects:  12% (1/8)   Compressing objects:  25% (2/8)   Compressing objects:  37% (3/8)   Compressing objects:  50% (4/8)   Compressing objects:  62% (5/8)   Compressing objects:  75% (6/8)   Compressing objects:  87% (7/8)   Compressing objects: 100% (8/8)   Compressing objects: 100% (8/8), done.
Writing objects:  12% (1/8)   Writing objects:  25% (2/8)   Writing objects:  37% (3/8)   Writing objects:  50% (4/8)   Writing objects:  62% (5/8)   Writing objects:  75% (6/8)   Writing objects:  87% (7/8)   Writing objects: 100% (8/8)   Writing objects: 100% (8/8), 1003 bytes | 501.00 KiB/s, done.
Total 8 (delta 5), reused 0 (delta 0)
remote: Resolving deltas:   0% (0/5)   [Kremote: Resolving deltas:  20% (1/5)   [Kremote: Resolving deltas:  40% (2/5)   [Kremote: Resolving deltas:  60% (3/5)   [Kremote: Resolving deltas:  80% (4/5)   [Kremote: Resolving deltas: 100% (5/5)   [Kremote: Resolving deltas: 100% (5/5), completed with 5 local objects.[K
To https://github.com/gabrielcrepeault/tvarPackage.git
   8fc78dc..224bb94  master -> master
]0;~/Box Sync/GitHub/tvarPackage$ 
]0;~/Box Sync/GitHub/tvarPackage$ 
## Shell script to update Package on github. is in .gitignore
]0;~/Box Sync/GitHub/tvarPackage$ git pull
Already up-to-date.
]0;~/Box Sync/GitHub/tvarPackage$ git add -A
]0;~/Box Sync/GitHub/tvarPackage$ git commit -m "Ajout pareto, Burr et Normale"
[master 44a541e] Ajout pareto, Burr et Normale
 88 files changed, 951 insertions(+), 88 deletions(-)
 rewrite .Rproj.user/EC950CE1/console06/INDEX001 (85%)
 create mode 100644 .Rproj.user/EC950CE1/sources/prop/15EAA6D3
 create mode 100644 .Rproj.user/EC950CE1/sources/prop/196BC61A
 create mode 100644 .Rproj.user/EC950CE1/sources/prop/1D07D9BA
 create mode 100644 .Rproj.user/EC950CE1/sources/prop/1D7FC55F
 create mode 100644 .Rproj.user/EC950CE1/sources/prop/1FEB9392
 create mode 100644 .Rproj.user/EC950CE1/sources/prop/25426751
 create mode 100644 .Rproj.user/EC950CE1/sources/prop/31250A0F
 create mode 100644 .Rproj.user/EC950CE1/sources/prop/53C18C9B
 create mode 100644 .Rproj.user/EC950CE1/sources/prop/57615D2B
 create mode 100644 .Rproj.user/EC950CE1/sources/prop/6BBE98F9
 create mode 100644 .Rproj.user/EC950CE1/sources/prop/76149D28
 create mode 100644 .Rproj.user/EC950CE1/sources/prop/777359BE
 create mode 100644 .Rproj.user/EC950CE1/sources/prop/A7FD476B
 create mode 100644 .Rproj.user/EC950CE1/sources/prop/C69D7BF9
 create mode 100644 .Rproj.user/EC950CE1/sources/prop/D059FD23
 create mode 100644 .Rproj.user/EC950CE1/sources/prop/D79B26AC
 create mode 100644 .Rproj.user/EC950CE1/sources/prop/DB08F4CF
 create mode 100644 .Rproj.user/EC950CE1/sources/prop/E4D317DF
 create mode 100644 .Rproj.user/EC950CE1/sources/prop/E76C9122
 create mode 100644 .Rproj.user/EC950CE1/sources/prop/F70F5EE3
 create mode 100644 .Rproj.user/EC950CE1/sources/s-FD24222B/1B73DDD3-contents
 create mode 100644 .Rproj.user/EC950CE1/sources/s-FD24222B/2B0467F2-contents
 create mode 100644 .Rproj.user/EC950CE1/sources/s-FD24222B/4DAD303A-contents
 create mode 100644 .Rproj.user/EC950CE1/sources/s-FD24222B/55036F15-contents
 create mode 100644 .Rproj.user/EC950CE1/sources/s-FD24222B/5AAAF1F1-contents
 delete mode 100644 .Rproj.user/EC950CE1/sources/s-FD24222B/6404E7DD
 create mode 100644 .Rproj.user/EC950CE1/sources/s-FD24222B/6AC535FA
 create mode 100644 .Rproj.user/EC950CE1/sources/s-FD24222B/6AC535FA-contents
 delete mode 100644 .Rproj.user/EC950CE1/sources/s-FD24222B/6CAD63DD
 create mode 100644 .Rproj.user/EC950CE1/sources/s-FD24222B/79543C7A-contents
 create mode 100644 .Rproj.user/EC950CE1/sources/s-FD24222B/7F684EA4-contents
 create mode 100644 .Rproj.user/EC950CE1/sources/s-FD24222B/81E1D1C6-contents
 create mode 100644 .Rproj.user/EC950CE1/sources/s-FD24222B/8A49F27F-contents
 create mode 100644 .Rproj.user/EC950CE1/sources/s-FD24222B/9BF336EC-contents
 create mode 100644 .Rproj.user/EC950CE1/sources/s-FD24222B/A9583A85-contents
 create mode 100644 .Rproj.user/EC950CE1/sources/s-FD24222B/AEF91E30-contents
 create mode 100644 .Rproj.user/EC950CE1/sources/s-FD24222B/AF55B40C-contents
 create mode 100644 .Rproj.user/EC950CE1/sources/s-FD24222B/B37E04E2-contents
 rename .Rproj.user/EC950CE1/sources/s-FD24222B/{E2000236 => BD5D7FC0} (75%)
 create mode 100644 .Rproj.user/EC950CE1/sources/s-FD24222B/BD5D7FC0-contents
 create mode 100644 .Rproj.user/EC950CE1/sources/s-FD24222B/BF5B2EC9-contents
 create mode 100644 .Rproj.user/EC950CE1/sources/s-FD24222B/C3C0083E-contents
 create mode 100644 .Rproj.user/EC950CE1/sources/s-FD24222B/C52B9975-contents
 create mode 100644 .Rproj.user/EC950CE1/sources/s-FD24222B/CB40ABE5-contents
 create mode 100644 .Rproj.user/EC950CE1/sources/s-FD24222B/CBB2E31D-contents
 create mode 100644 .Rproj.user/EC950CE1/sources/s-FD24222B/D2817DAE-contents
 delete mode 100644 .Rproj.user/EC950CE1/sources/s-FD24222B/E1CA73CE
 create mode 100644 .Rproj.user/EC950CE1/sources/s-FD24222B/F0794776-contents
 create mode 100644 .Rproj.user/EC950CE1/sources/s-FD24222B/F0BEDF68-contents
 create mode 100644 .Rproj.user/EC950CE1/sources/s-FD24222B/FA23667B-contents
 create mode 100644 R/E_burr.R
 create mode 100644 R/E_pareto.R
 create mode 100644 R/Elim_norm.R
 create mode 100644 R/Elim_pareto.R
 create mode 100644 R/Etronq_norm.R
 create mode 100644 R/Etronq_pareto.R
 create mode 100644 R/Mexcess_norm.R
 create mode 100644 R/Mexcess_pareto.R
 create mode 100644 R/SL_norm.R
 create mode 100644 R/SL_pareto.R
 create mode 100644 R/TVaR_pareto.R
 create mode 100644 R/V_burr.R
 create mode 100644 R/V_pareto.R
 create mode 100644 R/VaR_pareto.R
 create mode 100644 man/E_burr.Rd
 create mode 100644 man/E_pareto.Rd
 create mode 100644 man/Elim_norm.Rd
 create mode 100644 man/Elim_pareto.Rd
 create mode 100644 man/Etronq_norm.Rd
 create mode 100644 man/Etronq_pareto.Rd
 create mode 100644 man/Mexcess_norm.Rd
 create mode 100644 man/Mexcess_pareto.Rd
 create mode 100644 man/SL_norm.Rd
 create mode 100644 man/SL_pareto.Rd
 create mode 100644 man/TVaR_pareto.Rd
 create mode 100644 man/V_burr.Rd
 create mode 100644 man/V_pareto.Rd
 create mode 100644 man/VaR_pareto.Rd
]0;~/Box Sync/GitHub/tvarPackage$ git push
Counting objects: 64, done.
Delta compression using up to 4 threads.
Compressing objects:   1% (1/62)   Compressing objects:   3% (2/62)   Compressing objects:   4% (3/62)   Compressing objects:   6% (4/62)   Compressing objects:   8% (5/62)   Compressing objects:   9% (6/62)   Compressing objects:  11% (7/62)   Compressing objects:  12% (8/62)   Compressing objects:  14% (9/62)   Compressing objects:  16% (10/62)   Compressing objects:  17% (11/62)   Compressing objects:  19% (12/62)   Compressing objects:  20% (13/62)   Compressing objects:  22% (14/62)   Compressing objects:  24% (15/62)   Compressing objects:  25% (16/62)   Compressing objects:  27% (17/62)   Compressing objects:  29% (18/62)   Compressing objects:  30% (19/62)   Compressing objects:  32% (20/62)   Compressing objects:  33% (21/62)   Compressing objects:  35% (22/62)   Compressing objects:  37% (23/62)   Compressing objects:  38% (24/62)   Compressing objects:  40% (25/62)   Compressing objects:  41% (26/62)   Compressing objects:  43% (27/62)   Compressing objects:  45% (28/62)   Compressing objects:  46% (29/62)   Compressing objects:  48% (30/62)   Compressing objects:  50% (31/62)   Compressing objects:  51% (32/62)   Compressing objects:  53% (33/62)   Compressing objects:  54% (34/62)   Compressing objects:  56% (35/62)   Compressing objects:  58% (36/62)   Compressing objects:  59% (37/62)   Compressing objects:  61% (38/62)   Compressing objects:  62% (39/62)   Compressing objects:  64% (40/62)   Compressing objects:  66% (41/62)   Compressing objects:  67% (42/62)   Compressing objects:  69% (43/62)   Compressing objects:  70% (44/62)   Compressing objects:  72% (45/62)   Compressing objects:  74% (46/62)   Compressing objects:  75% (47/62)   Compressing objects:  77% (48/62)   Compressing objects:  79% (49/62)   Compressing objects:  80% (50/62)   Compressing objects:  82% (51/62)   Compressing objects:  83% (52/62)   Compressing objects:  85% (53/62)   Compressing objects:  87% (54/62)   Compressing objects:  88% (55/62)   Compressing objects:  90% (56/62)   Compressing objects:  91% (57/62)   Compressing objects:  93% (58/62)   Compressing objects:  95% (59/62)   Compressing objects:  96% (60/62)   Compressing objects:  98% (61/62)   Compressing objects: 100% (62/62)   Compressing objects: 100% (62/62), done.
Writing objects:   1% (1/64)   Writing objects:   3% (2/64)   Writing objects:   4% (3/64)   Writing objects:   6% (4/64)   Writing objects:   7% (5/64)   Writing objects:   9% (6/64)   Writing objects:  10% (7/64)   Writing objects:  12% (8/64)   Writing objects:  14% (9/64)   Writing objects:  15% (10/64)   Writing objects:  17% (11/64)   Writing objects:  18% (12/64)   Writing objects:  20% (13/64)   Writing objects:  21% (14/64)   Writing objects:  23% (15/64)   Writing objects:  25% (16/64)   Writing objects:  26% (17/64)   Writing objects:  28% (18/64)   Writing objects:  29% (19/64)   Writing objects:  31% (20/64)   Writing objects:  32% (21/64)   Writing objects:  34% (22/64)   Writing objects:  35% (23/64)   Writing objects:  37% (24/64)   Writing objects:  39% (25/64)   Writing objects:  42% (27/64)   Writing objects:  43% (28/64)   Writing objects:  45% (29/64)   Writing objects:  50% (32/64)   Writing objects:  51% (33/64)   Writing objects:  53% (34/64)   Writing objects:  54% (35/64)   Writing objects:  56% (36/64)   Writing objects:  57% (37/64)   Writing objects:  59% (38/64)   Writing objects:  60% (39/64)   Writing objects:  62% (40/64)   Writing objects:  64% (41/64)   Writing objects:  65% (42/64)   Writing objects:  67% (43/64)   Writing objects:  68% (44/64)   Writing objects:  70% (45/64)   Writing objects:  71% (46/64)   Writing objects:  73% (47/64)   Writing objects:  75% (48/64)   Writing objects:  76% (49/64)   Writing objects:  78% (50/64)   Writing objects:  81% (52/64)   Writing objects:  85% (55/64)   Writing objects:  90% (58/64)   Writing objects:  92% (59/64)   Writing objects:  93% (60/64)   Writing objects:  95% (61/64)   Writing objects:  96% (62/64)   Writing objects:  98% (63/64)   Writing objects: 100% (64/64)   Writing objects: 100% (64/64), 11.60 KiB | 201.00 KiB/s, done.
Total 64 (delta 26), reused 0 (delta 0)
remote: Resolving deltas:   0% (0/26)   [Kremote: Resolving deltas:  11% (3/26)   [Kremote: Resolving deltas:  19% (5/26)   [Kremote: Resolving deltas:  23% (6/26)   [Kremote: Resolving deltas:  26% (7/26)   [Kremote: Resolving deltas:  38% (10/26)   [Kremote: Resolving deltas:  50% (13/26)   [Kremote: Resolving deltas:  57% (15/26)   [Kremote: Resolving deltas:  61% (16/26)   [Kremote: Resolving deltas:  65% (17/26)   [Kremote: Resolving deltas:  69% (18/26)   [Kremote: Resolving deltas:  73% (19/26)   [Kremote: Resolving deltas:  76% (20/26)   [Kremote: Resolving deltas:  80% (21/26)   [Kremote: Resolving deltas:  84% (22/26)   [Kremote: Resolving deltas:  88% (23/26)   [Kremote: Resolving deltas:  92% (24/26)   [Kremote: Resolving deltas:  96% (25/26)   [Kremote: Resolving deltas: 100% (26/26)   [Kremote: Resolving deltas: 100% (26/26), completed with 11 local objects.[K
To https://github.com/gabrielcrepeault/tvarPackage.git
   224bb94..44a541e  master -> master
]0;~/Box Sync/GitHub/tvarPackage$ 
]0;~/Box Sync/GitHub/tvarPackage$ 
]0;~/Box Sync/GitHub/tvarPackage$ [K$ [K$ ]0;~/Box Sync/GitHub/tvarPackage[?1034h$ ## Shell script to update Package on github. is in .gitignore
]0;~/Box Sync/GitHub/tvarPackage$ git pull
Already up-to-date.
]0;~/Box Sync/GitHub/tvarPackage$ git add -A
]0;~/Box Sync/GitHub/tvarPackage$ git commit -m "Modification"
[master 242154f] Modification
 51 files changed, 133 insertions(+), 583 deletions(-)
 rewrite .Rproj.user/EC950CE1/console06/INDEX001 (85%)
 delete mode 100644 .Rproj.user/EC950CE1/sources/s-FD24222B/1B73DDD3-contents
 delete mode 100644 .Rproj.user/EC950CE1/sources/s-FD24222B/2B0467F2-contents
 delete mode 100644 .Rproj.user/EC950CE1/sources/s-FD24222B/2BBE858A-contents
 delete mode 100644 .Rproj.user/EC950CE1/sources/s-FD24222B/3D1C3E6D-contents
 delete mode 100644 .Rproj.user/EC950CE1/sources/s-FD24222B/4DAD303A-contents
 delete mode 100644 .Rproj.user/EC950CE1/sources/s-FD24222B/55036F15-contents
 delete mode 100644 .Rproj.user/EC950CE1/sources/s-FD24222B/5AAAF1F1-contents
 delete mode 100644 .Rproj.user/EC950CE1/sources/s-FD24222B/6404E7DD-contents
 delete mode 100644 .Rproj.user/EC950CE1/sources/s-FD24222B/6AC535FA
 delete mode 100644 .Rproj.user/EC950CE1/sources/s-FD24222B/6AC535FA-contents
 delete mode 100644 .Rproj.user/EC950CE1/sources/s-FD24222B/6CAD63DD-contents
 delete mode 100644 .Rproj.user/EC950CE1/sources/s-FD24222B/794E095C-contents
 delete mode 100644 .Rproj.user/EC950CE1/sources/s-FD24222B/79543C7A-contents
 delete mode 100644 .Rproj.user/EC950CE1/sources/s-FD24222B/7F684EA4-contents
 delete mode 100644 .Rproj.user/EC950CE1/sources/s-FD24222B/81E1D1C6-contents
 delete mode 100644 .Rproj.user/EC950CE1/sources/s-FD24222B/8A49F27F-contents
 delete mode 100644 .Rproj.user/EC950CE1/sources/s-FD24222B/8A804882-contents
 delete mode 100644 .Rproj.user/EC950CE1/sources/s-FD24222B/9BF336EC-contents
 delete mode 100644 .Rproj.user/EC950CE1/sources/s-FD24222B/A9583A85-contents
 delete mode 100644 .Rproj.user/EC950CE1/sources/s-FD24222B/AEF91E30-contents
 delete mode 100644 .Rproj.user/EC950CE1/sources/s-FD24222B/AF55B40C-contents
 delete mode 100644 .Rproj.user/EC950CE1/sources/s-FD24222B/B37E04E2-contents
 delete mode 100644 .Rproj.user/EC950CE1/sources/s-FD24222B/B8D35882-contents
 delete mode 100644 .Rproj.user/EC950CE1/sources/s-FD24222B/BD5D7FC0
 delete mode 100644 .Rproj.user/EC950CE1/sources/s-FD24222B/BD5D7FC0-contents
 delete mode 100644 .Rproj.user/EC950CE1/sources/s-FD24222B/BF5B2EC9-contents
 delete mode 100644 .Rproj.user/EC950CE1/sources/s-FD24222B/C3C0083E-contents
 delete mode 100644 .Rproj.user/EC950CE1/sources/s-FD24222B/C52B9975-contents
 delete mode 100644 .Rproj.user/EC950CE1/sources/s-FD24222B/CB40ABE5-contents
 delete mode 100644 .Rproj.user/EC950CE1/sources/s-FD24222B/CBB2E31D-contents
 delete mode 100644 .Rproj.user/EC950CE1/sources/s-FD24222B/D2817DAE-contents
 delete mode 100644 .Rproj.user/EC950CE1/sources/s-FD24222B/DE3906-contents
 delete mode 100644 .Rproj.user/EC950CE1/sources/s-FD24222B/E1CA73CE-contents
 delete mode 100644 .Rproj.user/EC950CE1/sources/s-FD24222B/E2000236-contents
 delete mode 100644 .Rproj.user/EC950CE1/sources/s-FD24222B/E3AB0178-contents
 delete mode 100644 .Rproj.user/EC950CE1/sources/s-FD24222B/E861B287-contents
 delete mode 100644 .Rproj.user/EC950CE1/sources/s-FD24222B/F0794776-contents
 delete mode 100644 .Rproj.user/EC950CE1/sources/s-FD24222B/F0BEDF68-contents
 delete mode 100644 .Rproj.user/EC950CE1/sources/s-FD24222B/FA23667B-contents
 delete mode 100644 .Rproj.user/EC950CE1/sources/s-FD24222B/lock_file
]0;~/Box Sync/GitHub/tvarPackage$ git push
Counting objects: 22, done.
Delta compression using up to 4 threads.
Compressing objects:   5% (1/20)   Compressing objects:  10% (2/20)   Compressing objects:  15% (3/20)   Compressing objects:  20% (4/20)   Compressing objects:  25% (5/20)   Compressing objects:  30% (6/20)   Compressing objects:  35% (7/20)   Compressing objects:  40% (8/20)   Compressing objects:  45% (9/20)   Compressing objects:  50% (10/20)   Compressing objects:  55% (11/20)   Compressing objects:  60% (12/20)   Compressing objects:  65% (13/20)   Compressing objects:  70% (14/20)   Compressing objects:  75% (15/20)   Compressing objects:  80% (16/20)   Compressing objects:  85% (17/20)   Compressing objects:  90% (18/20)   Compressing objects:  95% (19/20)   Compressing objects: 100% (20/20)   Compressing objects: 100% (20/20), done.
Writing objects:   4% (1/22)   Writing objects:   9% (2/22)   Writing objects:  13% (3/22)   Writing objects:  18% (4/22)   Writing objects:  22% (5/22)   Writing objects:  27% (6/22)   Writing objects:  31% (7/22)   Writing objects:  36% (8/22)   Writing objects:  40% (9/22)   Writing objects:  45% (10/22)   Writing objects:  50% (11/22)   Writing objects:  54% (12/22)   Writing objects:  59% (13/22)   Writing objects:  63% (14/22)   Writing objects:  68% (15/22)   Writing objects:  72% (16/22)   Writing objects:  77% (17/22)   Writing objects:  81% (18/22)   Writing objects:  86% (19/22)   Writing objects:  90% (20/22)   Writing objects:  95% (21/22)   Writing objects: 100% (22/22)   Writing objects: 100% (22/22), 3.48 KiB | 395.00 KiB/s, done.
Total 22 (delta 12), reused 0 (delta 0)
remote: Resolving deltas:   0% (0/12)   [Kremote: Resolving deltas:   8% (1/12)   [Kremote: Resolving deltas:  16% (2/12)   [Kremote: Resolving deltas:  25% (3/12)   [Kremote: Resolving deltas:  33% (4/12)   [Kremote: Resolving deltas:  41% (5/12)   [Kremote: Resolving deltas:  50% (6/12)   [Kremote: Resolving deltas:  58% (7/12)   [Kremote: Resolving deltas:  66% (8/12)   [Kremote: Resolving deltas:  75% (9/12)   [Kremote: Resolving deltas:  83% (10/12)   [Kremote: Resolving deltas:  91% (11/12)   [Kremote: Resolving deltas: 100% (12/12)   [Kremote: Resolving deltas: 100% (12/12), completed with 12 local objects.[K
To https://github.com/gabrielcrepeault/tvarPackage.git
   44a541e..242154f  master -> master
]0;~/Box Sync/GitHub/tvarPackage$ 
]0;~/Box Sync/GitHub/tvarPackage$ 
]0;~/Box Sync/GitHub/tvarPackage$ ## Shell script to update Package on github. is in .gitignore
]0;~/Box Sync/GitHub/tvarPackage$ git pull
Already up-to-date.
]0;~/Box Sync/GitHub/tvarPackage$ git add -A
]0;~/Box Sync/GitHub/tvarPackage$ git commit -m "Modification"
[master e560594] Modification
 20 files changed, 249 insertions(+), 8 deletions(-)
 rewrite .Rproj.user/EC950CE1/console06/INDEX001 (69%)
 create mode 100644 .Rproj.user/EC950CE1/sources/prop/5ACA7E94
 create mode 100644 .Rproj.user/EC950CE1/sources/prop/D7AC320B
 create mode 100644 .Rproj.user/EC950CE1/sources/prop/DB547AA8
 create mode 100644 .Rproj.user/EC950CE1/sources/prop/DC1B7F6
 create mode 100644 .Rproj.user/EC950CE1/sources/s-8D8414F0/684A15F-contents
 create mode 100644 .Rproj.user/EC950CE1/sources/s-8D8414F0/8274FF24
 create mode 100644 .Rproj.user/EC950CE1/sources/s-8D8414F0/8274FF24-contents
 create mode 100644 .Rproj.user/EC950CE1/sources/s-8D8414F0/BDBAD2BC
 create mode 100644 .Rproj.user/EC950CE1/sources/s-8D8414F0/BDBAD2BC-contents
 create mode 100644 .Rproj.user/EC950CE1/sources/s-8D8414F0/D3501C38
 create mode 100644 .Rproj.user/EC950CE1/sources/s-8D8414F0/D3501C38-contents
 create mode 100644 .Rproj.user/EC950CE1/sources/s-8D8414F0/F3B9570E
 create mode 100644 .Rproj.user/EC950CE1/sources/s-8D8414F0/F3B9570E-contents
 create mode 100644 .Rproj.user/EC950CE1/sources/s-8D8414F0/F6730C20
 create mode 100644 .Rproj.user/EC950CE1/sources/s-8D8414F0/F6730C20-contents
 create mode 100644 .Rproj.user/EC950CE1/sources/s-8D8414F0/lock_file
]0;~/Box Sync/GitHub/tvarPackage$ git push
Counting objects: 24, done.
Delta compression using up to 4 threads.
Compressing objects:   4% (1/24)   Compressing objects:   8% (2/24)   Compressing objects:  12% (3/24)   Compressing objects:  16% (4/24)   Compressing objects:  20% (5/24)   Compressing objects:  25% (6/24)   Compressing objects:  29% (7/24)   Compressing objects:  33% (8/24)   Compressing objects:  37% (9/24)   Compressing objects:  41% (10/24)   Compressing objects:  45% (11/24)   Compressing objects:  50% (12/24)   Compressing objects:  54% (13/24)   Compressing objects:  58% (14/24)   Compressing objects:  62% (15/24)   Compressing objects:  66% (16/24)   Compressing objects:  70% (17/24)   Compressing objects:  75% (18/24)   Compressing objects:  79% (19/24)   Compressing objects:  83% (20/24)   Compressing objects:  87% (21/24)   Compressing objects:  91% (22/24)   Compressing objects:  95% (23/24)   Compressing objects: 100% (24/24)   Compressing objects: 100% (24/24), done.
Writing objects:   4% (1/24)   Writing objects:   8% (2/24)   Writing objects:  12% (3/24)   Writing objects:  16% (4/24)   Writing objects:  20% (5/24)   Writing objects:  25% (6/24)   Writing objects:  29% (7/24)   Writing objects:  33% (8/24)   Writing objects:  37% (9/24)   Writing objects:  41% (10/24)   Writing objects:  45% (11/24)   Writing objects:  50% (12/24)   Writing objects:  54% (13/24)   Writing objects:  58% (14/24)   Writing objects:  62% (15/24)   Writing objects:  70% (17/24)   Writing objects:  75% (18/24)   Writing objects:  79% (19/24)   Writing objects:  83% (20/24)   Writing objects:  87% (21/24)   Writing objects:  91% (22/24)   Writing objects:  95% (23/24)   Writing objects: 100% (24/24)   Writing objects: 100% (24/24), 3.30 KiB | 120.00 KiB/s, done.
Total 24 (delta 10), reused 0 (delta 0)
remote: Resolving deltas:   0% (0/10)   [Kremote: Resolving deltas:  40% (4/10)   [Kremote: Resolving deltas:  50% (5/10)   [Kremote: Resolving deltas:  60% (6/10)   [Kremote: Resolving deltas:  70% (7/10)   [Kremote: Resolving deltas:  80% (8/10)   [Kremote: Resolving deltas:  90% (9/10)   [Kremote: Resolving deltas: 100% (10/10)   [Kremote: Resolving deltas: 100% (10/10), completed with 6 local objects.[K
To https://github.com/gabrielcrepeault/tvarPackage.git
   242154f..e560594  master -> master
]0;~/Box Sync/GitHub/tvarPackage$ 
]0;~/Box Sync/GitHub/tvarPackage$ 
]0;~/Box Sync/GitHub/tvarPackage$ ## Shell script to update Package on github. is in .gitignore
git pull
git add -A
git commit -m "adding Gompertz probability law & README update."
git push


]0;~/Box Sync/GitHub/tvarPackage[?1034h$ ## Shell script to update Package on github. is in .gitignore
]0;~/Box Sync/GitHub/tvarPackage$ git pull
